{
  "bazelInvocation": {
    "bazelCommand": {
      "cmdLine": [
        "--enable_runfiles=1",
        "--build_event_json_file=./pkg/summary/testdata/nextjs_build.bep.ndjson"
      ],
      "command": "test",
      "executable": "bazel",
      "explicitCmdLine": "--build_event_json_file=./pkg/summary/testdata/nextjs_build.bep.ndjson",
      "explicitStartupOptions": [
        "--host_jvm_args=-DBAZEL_TRACK_SOURCE_DIRECTORIES=1"
      ],
      "id": "",
      "residual": "//...",
      "startupOptions": [
        "--max_idle_secs=10800",
        "--noshutdown_on_low_sys_mem",
        "--connect_timeout_secs=30",
        "--output_user_root=/var/tmp/_bazel_nameless",
        "--output_base=/private/var/tmp/_bazel_nameless/785aba6fa73b7504b05bf113721e0096",
        "--failure_detail_out=/private/var/tmp/_bazel_nameless/785aba6fa73b7504b05bf113721e0096/failure_detail.rawproto",
        "--expand_configs_in_place",
        "--idle_server_tasks",
        "--write_command_log",
        "--nowatchfs",
        "--nofatal_event_bus_exceptions",
        "--nowindows_enable_symlinks",
        "--noclient_debug",
        "--host_jvm_args=-DBAZEL_TRACK_SOURCE_DIRECTORIES=1"
      ]
    },
    "bazelVersion": "7.1.0",
    "build": null,
    "configurationMnemonic": "darwin_arm64-fastbuild",
    "cpu": "darwin_arm64",
    "endedAt": "2024-05-03T00:24:29.605Z",
    "hostname": "Namelesss-MacBook-Pro.local",
    "id": "QmF6ZWxJbnZvY2F0aW9uOjE=",
    "instanceName": "",
    "invocationID": "fd03240f-697e-4b64-95bc-888e27445bf9",
    "isCiWorker": false,
    "metrics": {
      "actionSummary": {
        "actionCacheStatistics": {
          "hits": 19,
          "id": "QWN0aW9uQ2FjaGVTdGF0aXN0aWNzOjE=",
          "loadTimeInMs": 0,
          "missDetails": [
            {
              "count": 0,
              "id": "TWlzc0RldGFpOjE=",
              "reason": "DIFFERENT_ACTION_KEY"
            },
            {
              "count": 0,
              "id": "TWlzc0RldGFpOjI=",
              "reason": "DIFFERENT_DEPS"
            },
            {
              "count": 0,
              "id": "TWlzc0RldGFpOjM=",
              "reason": "DIFFERENT_ENVIRONMENT"
            },
            {
              "count": 1,
              "id": "TWlzc0RldGFpOjQ=",
              "reason": "DIFFERENT_FILES"
            },
            {
              "count": 0,
              "id": "TWlzc0RldGFpOjU=",
              "reason": "CORRUPTED_CACHE_ENTRY"
            },
            {
              "count": 1,
              "id": "TWlzc0RldGFpOjY=",
              "reason": "NOT_CACHED"
            },
            {
              "count": 1,
              "id": "TWlzc0RldGFpOjc=",
              "reason": "UNCONDITIONAL_EXECUTION"
            }
          ],
          "misses": 3,
          "saveTimeInMs": 0,
          "sizeInBytes": 1549126
        },
        "actionData": [
          {
            "actionsCreated": 0,
            "actionsExecuted": 1,
            "firstStartedMs": 1714695868925,
            "id": "QWN0aW9uRGF0YTox",
            "lastEndedMs": 1714695868927,
            "mnemonic": "BazelWorkspaceStatusAction",
            "systemTime": 0,
            "userTime": 0
          },
          {
            "actionsCreated": 0,
            "actionsExecuted": 1,
            "firstStartedMs": 1714695868965,
            "id": "QWN0aW9uRGF0YToy",
            "lastEndedMs": 1714695868981,
            "mnemonic": "CopyFile",
            "systemTime": 2,
            "userTime": 1
          },
          {
            "actionsCreated": 0,
            "actionsExecuted": 1,
            "firstStartedMs": 1714695868981,
            "id": "QWN0aW9uRGF0YToz",
            "lastEndedMs": 1714695869600,
            "mnemonic": "TsProject",
            "systemTime": 55,
            "userTime": 1009
          }
        ],
        "actionsCreated": 0,
        "actionsCreatedNotIncludingAspects": 0,
        "actionsExecuted": 3,
        "id": "QWN0aW9uU3VtbWFyeTox",
        "remoteCacheHits": 0,
        "runnerCount": [
          {
            "actionsExecuted": 3,
            "execKind": "",
            "id": "UnVubmVyQ291bnQ6MQ==",
            "name": "total"
          },
          {
            "actionsExecuted": 1,
            "execKind": "",
            "id": "UnVubmVyQ291bnQ6Mg==",
            "name": "internal"
          },
          {
            "actionsExecuted": 1,
            "execKind": "Local",
            "id": "UnVubmVyQ291bnQ6Mw==",
            "name": "darwin-sandbox"
          },
          {
            "actionsExecuted": 1,
            "execKind": "Local",
            "id": "UnVubmVyQ291bnQ6NA==",
            "name": "local"
          }
        ]
      },
      "artifactMetrics": {
        "id": "QXJ0aWZhY3RNZXRyaWNzOjE=",
        "outputArtifactsFromActionCacheCount": 78,
        "outputArtifactsFromActionCacheSizeInBytes": 8553573,
        "outputArtifactsSeenCount": 85,
        "outputArtifactsSeenSizeInBytes": 8560829,
        "sourceArtifactsReadCount": 1,
        "sourceArtifactsReadSizeInBytes": 2521,
        "topLevelArtifactsCount": 40231,
        "topLevelArtifactsSizeInBytes": 5731462997
      },
      "buildGraphMetrics": {
        "actionCount": 0,
        "actionLookupValueCount": 0,
        "actionLookupValueCountNotIncludingAspects": 0,
        "id": "QnVpbGRHcmFwaE1ldHJpY3M6MQ==",
        "inputFileConfiguredTargetCount": 0,
        "otherConfiguredTargetCount": 0,
        "outputArtifactCount": 0,
        "outputFileConfiguredTargetCount": 0,
        "postInvocationSkyframeNodeCount": 117836
      },
      "cumulativeMetrics": {
        "id": "Q3VtdWxhdGl2ZU1ldHJpY3M6MQ==",
        "numAnalyses": 11,
        "numBuilds": 11
      },
      "id": "TWV0cmljczox",
      "memoryMetrics": {
        "garbageMetrics": [],
        "id": "TWVtb3J5TWV0cmljczox",
        "peakPostGcHeapSize": 0,
        "peakPostGcTenuredSpaceHeapSize": 0,
        "usedHeapSizePostBuild": 0
      },
      "networkMetrics": null,
      "packageMetrics": {
        "id": "UGFja2FnZU1ldHJpY3M6MQ==",
        "packageLoadMetrics": [],
        "packagesLoaded": 0
      },
      "targetMetrics": {
        "id": "VGFyZ2V0TWV0cmljczox",
        "targetsConfigured": 0,
        "targetsConfiguredNotIncludingAspects": 0,
        "targetsLoaded": 0
      },
      "timingMetrics": {
        "actionsExecutionStartInMs": 0,
        "analysisPhaseTimeInMs": 51,
        "cpuTimeInMs": 2619,
        "executionPhaseTimeInMs": 680,
        "id": "VGltaW5nTWV0cmljczox",
        "wallTimeInMs": 954
      }
    },
    "numFetches": 0,
    "profile": null,
    "sourceControl": null,
    "startedAt": "2024-05-03T00:24:28.621Z",
    "state": {
      "bepCompleted": true,
      "buildEndTime": "2024-05-03T00:24:29.605Z",
      "buildStartTime": "2024-05-03T00:24:28.621Z",
      "exitCode": {
        "code": 0,
        "id": "",
        "name": "SUCCESS"
      },
      "id": ""
    },
    "stepLabel": "",
    "targets": [
      {
        "abortReason": "",
        "durationInMs": 0,
        "id": "VGFyZ2V0OjE=",
        "label": "//next.js/pages/api:api",
        "success": true,
        "targetKind": "ts_project rule",
        "testSize": "UNKNOWN"
      },
      {
        "abortReason": "",
        "durationInMs": 0,
        "id": "VGFyZ2V0OjI=",
        "label": "//next.js/pages:_jest_test_bazel_sequencer",
        "success": true,
        "targetKind": "_copy_file rule",
        "testSize": "UNKNOWN"
      },
      {
        "abortReason": "",
        "durationInMs": 0,
        "id": "VGFyZ2V0OjM=",
        "label": "//next.js/pages:_jest_test_bazel_snapshot_reporter",
        "success": true,
        "targetKind": "_copy_file rule",
        "testSize": "UNKNOWN"
      },
      {
        "abortReason": "",
        "durationInMs": 0,
        "id": "VGFyZ2V0OjQ=",
        "label": "//next.js/pages:_jest_test_bazel_snapshot_resolver",
        "success": true,
        "targetKind": "_copy_file rule",
        "testSize": "UNKNOWN"
      },
      {
        "abortReason": "",
        "durationInMs": 0,
        "id": "VGFyZ2V0OjU=",
        "label": "//next.js/pages:_jest_test_jest_entrypoint",
        "success": true,
        "targetKind": "directory_path rule",
        "testSize": "UNKNOWN"
      },
      {
        "abortReason": "",
        "durationInMs": 0,
        "id": "VGFyZ2V0OjY=",
        "label": "//next.js/pages:jest_test",
        "success": true,
        "targetKind": "jest_test rule",
        "testSize": "MEDIUM"
      },
      {
        "abortReason": "",
        "durationInMs": 0,
        "id": "VGFyZ2V0Ojc=",
        "label": "//next.js/pages:pages",
        "success": true,
        "targetKind": "ts_project rule",
        "testSize": "UNKNOWN"
      },
      {
        "abortReason": "",
        "durationInMs": 0,
        "id": "VGFyZ2V0Ojg=",
        "label": "//next.js/pages:specs",
        "success": true,
        "targetKind": "ts_project rule",
        "testSize": "UNKNOWN"
      },
      {
        "abortReason": "",
        "durationInMs": 0,
        "id": "VGFyZ2V0Ojk=",
        "label": "//next.js/styles:styles",
        "success": true,
        "targetKind": "js_library rule",
        "testSize": "UNKNOWN"
      },
      {
        "abortReason": "",
        "durationInMs": 0,
        "id": "VGFyZ2V0OjEw",
        "label": "//next.js/public:public",
        "success": true,
        "targetKind": "js_library rule",
        "testSize": "UNKNOWN"
      },
      {
        "abortReason": "",
        "durationInMs": 0,
        "id": "VGFyZ2V0OjEx",
        "label": "//next.js:build_smoke_test",
        "success": true,
        "targetKind": "js_test rule",
        "testSize": "MEDIUM"
      },
      {
        "abortReason": "",
        "durationInMs": 0,
        "id": "VGFyZ2V0OjEy",
        "label": "//next.js:build_test",
        "success": true,
        "targetKind": "_empty_test rule",
        "testSize": "SMALL"
      },
      {
        "abortReason": "",
        "durationInMs": 0,
        "id": "VGFyZ2V0OjEz",
        "label": "//next.js:eslintrc",
        "success": true,
        "targetKind": "js_library rule",
        "testSize": "UNKNOWN"
      },
      {
        "abortReason": "",
        "durationInMs": 0,
        "id": "VGFyZ2V0OjE0",
        "label": "//next.js:next",
        "success": true,
        "targetKind": "_run_binary rule",
        "testSize": "UNKNOWN"
      },
      {
        "abortReason": "",
        "durationInMs": 0,
        "id": "VGFyZ2V0OjE1",
        "label": "//next.js:next_dev",
        "success": true,
        "targetKind": "_js_run_devserver rule",
        "testSize": "UNKNOWN"
      },
      {
        "abortReason": "",
        "durationInMs": 0,
        "id": "VGFyZ2V0OjE2",
        "label": "//next.js:jest_config",
        "success": true,
        "targetKind": "js_library rule",
        "testSize": "UNKNOWN"
      },
      {
        "abortReason": "",
        "durationInMs": 0,
        "id": "VGFyZ2V0OjE3",
        "label": "//next.js:next_js_binary",
        "success": true,
        "targetKind": "js_binary rule",
        "testSize": "UNKNOWN"
      },
      {
        "abortReason": "",
        "durationInMs": 0,
        "id": "VGFyZ2V0OjE4",
        "label": "//next.js:next_start",
        "success": true,
        "targetKind": "_js_run_devserver rule",
        "testSize": "UNKNOWN"
      },
      {
        "abortReason": "",
        "durationInMs": 0,
        "id": "VGFyZ2V0OjE5",
        "label": "//next.js:package_json",
        "success": true,
        "targetKind": "js_library rule",
        "testSize": "UNKNOWN"
      },
      {
        "abortReason": "",
        "durationInMs": 0,
        "id": "VGFyZ2V0OjIw",
        "label": "//next.js:tsconfig",
        "success": true,
        "targetKind": "ts_config rule",
        "testSize": "UNKNOWN"
      },
      {
        "abortReason": "",
        "durationInMs": 0,
        "id": "VGFyZ2V0OjIx",
        "label": "//packages/one:one",
        "success": true,
        "targetKind": "_npm_package rule",
        "testSize": "UNKNOWN"
      },
      {
        "abortReason": "",
        "durationInMs": 0,
        "id": "VGFyZ2V0OjIy",
        "label": "//react/public:public",
        "success": true,
        "targetKind": "js_library rule",
        "testSize": "UNKNOWN"
      },
      {
        "abortReason": "",
        "durationInMs": 0,
        "id": "VGFyZ2V0OjIz",
        "label": "//packages/one:one_ts",
        "success": true,
        "targetKind": "ts_project rule",
        "testSize": "UNKNOWN"
      },
      {
        "abortReason": "",
        "durationInMs": 0,
        "id": "VGFyZ2V0OjI0",
        "label": "//react/src:assets",
        "success": true,
        "targetKind": "js_library rule",
        "testSize": "UNKNOWN"
      },
      {
        "abortReason": "",
        "durationInMs": 0,
        "id": "VGFyZ2V0OjI1",
        "label": "//react/src:lint",
        "success": true,
        "targetKind": "eslint_test rule",
        "testSize": "MEDIUM"
      },
      {
        "abortReason": "",
        "durationInMs": 0,
        "id": "VGFyZ2V0OjI2",
        "label": "//react/src:src_transpile",
        "success": true,
        "targetKind": "swc_compile rule",
        "testSize": "UNKNOWN"
      },
      {
        "abortReason": "",
        "durationInMs": 0,
        "id": "VGFyZ2V0OjI3",
        "label": "//react/src:src",
        "success": true,
        "targetKind": "js_library rule",
        "testSize": "UNKNOWN"
      },
      {
        "abortReason": "",
        "durationInMs": 0,
        "id": "VGFyZ2V0OjI4",
        "label": "//react/src:src_typecheck",
        "success": true,
        "targetKind": "filegroup rule",
        "testSize": "UNKNOWN"
      },
      {
        "abortReason": "",
        "durationInMs": 0,
        "id": "VGFyZ2V0OjI5",
        "label": "//react/src:src_typecheck_test",
        "success": true,
        "targetKind": "_empty_test rule",
        "testSize": "SMALL"
      },
      {
        "abortReason": "",
        "durationInMs": 0,
        "id": "VGFyZ2V0OjMw",
        "label": "//react/src:src_typings",
        "success": true,
        "targetKind": "ts_project rule",
        "testSize": "UNKNOWN"
      },
      {
        "abortReason": "",
        "durationInMs": 0,
        "id": "VGFyZ2V0OjMx",
        "label": "//react/src:test",
        "success": true,
        "targetKind": "js_test rule",
        "testSize": "MEDIUM"
      },
      {
        "abortReason": "",
        "durationInMs": 0,
        "id": "VGFyZ2V0OjMy",
        "label": "//react/src:test_lib",
        "success": true,
        "targetKind": "js_library rule",
        "testSize": "UNKNOWN"
      },
      {
        "abortReason": "",
        "durationInMs": 0,
        "id": "VGFyZ2V0OjMz",
        "label": "//react/src:test_lib_transpile",
        "success": true,
        "targetKind": "swc_compile rule",
        "testSize": "UNKNOWN"
      },
      {
        "abortReason": "",
        "durationInMs": 0,
        "id": "VGFyZ2V0OjM0",
        "label": "//react/src:test_lib_typecheck",
        "success": true,
        "targetKind": "filegroup rule",
        "testSize": "UNKNOWN"
      },
      {
        "abortReason": "",
        "durationInMs": 0,
        "id": "VGFyZ2V0OjM1",
        "label": "//react/src:test_lib_typecheck_test",
        "success": true,
        "targetKind": "_empty_test rule",
        "testSize": "SMALL"
      },
      {
        "abortReason": "",
        "durationInMs": 0,
        "id": "VGFyZ2V0OjM2",
        "label": "//react/src:test_lib_typings",
        "success": true,
        "targetKind": "ts_project rule",
        "testSize": "UNKNOWN"
      },
      {
        "abortReason": "",
        "durationInMs": 0,
        "id": "VGFyZ2V0OjM3",
        "label": "//react:build",
        "success": true,
        "targetKind": "_run_binary rule",
        "testSize": "UNKNOWN"
      },
      {
        "abortReason": "",
        "durationInMs": 0,
        "id": "VGFyZ2V0OjM4",
        "label": "//react:build_smoke_test",
        "success": true,
        "targetKind": "js_test rule",
        "testSize": "MEDIUM"
      },
      {
        "abortReason": "",
        "durationInMs": 0,
        "id": "VGFyZ2V0OjM5",
        "label": "//react:package_json",
        "success": true,
        "targetKind": "js_library rule",
        "testSize": "UNKNOWN"
      },
      {
        "abortReason": "",
        "durationInMs": 0,
        "id": "VGFyZ2V0OjQw",
        "label": "//react:preview",
        "success": true,
        "targetKind": "js_binary rule",
        "testSize": "UNKNOWN"
      },
      {
        "abortReason": "",
        "durationInMs": 0,
        "id": "VGFyZ2V0OjQx",
        "label": "//react:start",
        "success": true,
        "targetKind": "_js_run_devserver rule",
        "testSize": "UNKNOWN"
      },
      {
        "abortReason": "",
        "durationInMs": 0,
        "id": "VGFyZ2V0OjQy",
        "label": "//react:tsconfig",
        "success": true,
        "targetKind": "ts_config rule",
        "testSize": "UNKNOWN"
      },
      {
        "abortReason": "",
        "durationInMs": 0,
        "id": "VGFyZ2V0OjQz",
        "label": "//react:vite",
        "success": true,
        "targetKind": "js_binary rule",
        "testSize": "UNKNOWN"
      },
      {
        "abortReason": "",
        "durationInMs": 0,
        "id": "VGFyZ2V0OjQ0",
        "label": "//react:vite.config",
        "success": true,
        "targetKind": "js_library rule",
        "testSize": "UNKNOWN"
      },
      {
        "abortReason": "",
        "durationInMs": 0,
        "id": "VGFyZ2V0OjQ1",
        "label": "//react:write_swcrc",
        "success": true,
        "targetKind": "_run_binary rule",
        "testSize": "UNKNOWN"
      },
      {
        "abortReason": "",
        "durationInMs": 0,
        "id": "VGFyZ2V0OjQ2",
        "label": "//react-webpack/src:transpile",
        "success": true,
        "targetKind": "swc_compile rule",
        "testSize": "UNKNOWN"
      },
      {
        "abortReason": "",
        "durationInMs": 0,
        "id": "VGFyZ2V0OjQ3",
        "label": "//react-webpack:_bundle_webpack_binary",
        "success": true,
        "targetKind": "js_binary rule",
        "testSize": "UNKNOWN"
      },
      {
        "abortReason": "",
        "durationInMs": 0,
        "id": "VGFyZ2V0OjQ4",
        "label": "//react-webpack:_bundle_webpack_binary_entrypoint",
        "success": true,
        "targetKind": "directory_path rule",
        "testSize": "UNKNOWN"
      },
      {
        "abortReason": "",
        "durationInMs": 0,
        "id": "VGFyZ2V0OjQ5",
        "label": "//react-webpack:_dev_server_webpack_binary",
        "success": true,
        "targetKind": "js_binary rule",
        "testSize": "UNKNOWN"
      },
      {
        "abortReason": "",
        "durationInMs": 0,
        "id": "VGFyZ2V0OjUw",
        "label": "//react-webpack:_dev_server_webpack_binary_entrypoint",
        "success": true,
        "targetKind": "directory_path rule",
        "testSize": "UNKNOWN"
      },
      {
        "abortReason": "",
        "durationInMs": 0,
        "id": "VGFyZ2V0OjUx",
        "label": "//react-webpack:build_smoke_test",
        "success": true,
        "targetKind": "js_test rule",
        "testSize": "MEDIUM"
      },
      {
        "abortReason": "",
        "durationInMs": 0,
        "id": "VGFyZ2V0OjUy",
        "label": "//react-webpack:bundle",
        "success": true,
        "targetKind": "_webpack_bundle rule",
        "testSize": "UNKNOWN"
      },
      {
        "abortReason": "",
        "durationInMs": 0,
        "id": "VGFyZ2V0OjUz",
        "label": "//react-webpack:dev_server",
        "success": true,
        "targetKind": "_js_run_devserver rule",
        "testSize": "UNKNOWN"
      },
      {
        "abortReason": "",
        "durationInMs": 0,
        "id": "VGFyZ2V0OjU0",
        "label": "//vue/libraries/simple:build",
        "success": true,
        "targetKind": "_run_binary rule",
        "testSize": "UNKNOWN"
      },
      {
        "abortReason": "",
        "durationInMs": 0,
        "id": "VGFyZ2V0OjU1",
        "label": "//vue/libraries/simple:simple",
        "success": true,
        "targetKind": "_npm_package rule",
        "testSize": "UNKNOWN"
      },
      {
        "abortReason": "",
        "durationInMs": 0,
        "id": "VGFyZ2V0OjU2",
        "label": "//vue/libraries/simple:types",
        "success": true,
        "targetKind": "_run_binary rule",
        "testSize": "UNKNOWN"
      },
      {
        "abortReason": "",
        "durationInMs": 0,
        "id": "VGFyZ2V0OjU3",
        "label": "//vue/libraries/simple:vite.config",
        "success": true,
        "targetKind": "js_library rule",
        "testSize": "UNKNOWN"
      },
      {
        "abortReason": "",
        "durationInMs": 0,
        "id": "VGFyZ2V0OjU4",
        "label": "//vue/src:src",
        "success": true,
        "targetKind": "_copy_to_bin rule",
        "testSize": "UNKNOWN"
      },
      {
        "abortReason": "",
        "durationInMs": 0,
        "id": "VGFyZ2V0OjU5",
        "label": "//vue:build",
        "success": true,
        "targetKind": "_run_binary rule",
        "testSize": "UNKNOWN"
      },
      {
        "abortReason": "",
        "durationInMs": 0,
        "id": "VGFyZ2V0OjYw",
        "label": "//vue:build_test",
        "success": true,
        "targetKind": "_empty_test rule",
        "testSize": "SMALL"
      },
      {
        "abortReason": "",
        "durationInMs": 0,
        "id": "VGFyZ2V0OjYx",
        "label": "//vue:type-check",
        "success": true,
        "targetKind": "js_test rule",
        "testSize": "MEDIUM"
      },
      {
        "abortReason": "",
        "durationInMs": 0,
        "id": "VGFyZ2V0OjYy",
        "label": "//vue:vite",
        "success": true,
        "targetKind": "js_binary rule",
        "testSize": "UNKNOWN"
      },
      {
        "abortReason": "",
        "durationInMs": 0,
        "id": "VGFyZ2V0OjYz",
        "label": "//:eslint",
        "success": true,
        "targetKind": "js_binary rule",
        "testSize": "UNKNOWN"
      }
    ],
    "testCollection": [
      {
        "cachedLocally": true,
        "cachedRemotely": false,
        "durationMs": 85,
        "id": "VGVzdENvbGxlY3Rpb246MQ==",
        "label": "//react/src:src_typecheck_test",
        "overallStatus": "PASSED",
        "strategy": ""
      },
      {
        "cachedLocally": true,
        "cachedRemotely": false,
        "durationMs": 95,
        "id": "VGVzdENvbGxlY3Rpb246Mg==",
        "label": "//react/src:test_lib_typecheck_test",
        "overallStatus": "PASSED",
        "strategy": ""
      },
      {
        "cachedLocally": true,
        "cachedRemotely": false,
        "durationMs": 191,
        "id": "VGVzdENvbGxlY3Rpb246Mw==",
        "label": "//react:build_smoke_test",
        "overallStatus": "PASSED",
        "strategy": ""
      },
      {
        "cachedLocally": true,
        "cachedRemotely": false,
        "durationMs": 68,
        "id": "VGVzdENvbGxlY3Rpb246NA==",
        "label": "//vue:build_test",
        "overallStatus": "PASSED",
        "strategy": ""
      },
      {
        "cachedLocally": true,
        "cachedRemotely": false,
        "durationMs": 1180,
        "id": "VGVzdENvbGxlY3Rpb246NQ==",
        "label": "//vue:type-check",
        "overallStatus": "PASSED",
        "strategy": ""
      },
      {
        "cachedLocally": true,
        "cachedRemotely": false,
        "durationMs": 112,
        "id": "VGVzdENvbGxlY3Rpb246Ng==",
        "label": "//react/src:lint",
        "overallStatus": "PASSED",
        "strategy": ""
      },
      {
        "cachedLocally": true,
        "cachedRemotely": false,
        "durationMs": 1715,
        "id": "VGVzdENvbGxlY3Rpb246Nw==",
        "label": "//react/src:test",
        "overallStatus": "PASSED",
        "strategy": ""
      },
      {
        "cachedLocally": true,
        "cachedRemotely": false,
        "durationMs": 170,
        "id": "VGVzdENvbGxlY3Rpb246OA==",
        "label": "//react-webpack:build_smoke_test",
        "overallStatus": "PASSED",
        "strategy": ""
      },
      {
        "cachedLocally": true,
        "cachedRemotely": false,
        "durationMs": 89,
        "id": "VGVzdENvbGxlY3Rpb246OQ==",
        "label": "//next.js:build_test",
        "overallStatus": "PASSED",
        "strategy": ""
      },
      {
        "cachedLocally": true,
        "cachedRemotely": false,
        "durationMs": 354,
        "id": "VGVzdENvbGxlY3Rpb246MTA=",
        "label": "//next.js:build_smoke_test",
        "overallStatus": "PASSED",
        "strategy": ""
      },
      {
        "cachedLocally": true,
        "cachedRemotely": false,
        "durationMs": 1134,
        "id": "VGVzdENvbGxlY3Rpb246MTE=",
        "label": "//next.js/pages:jest_test",
        "overallStatus": "PASSED",
        "strategy": ""
      }
    ],
    "user": {
      "Email": "",
      "LDAP": "nameless"
    }
  }
}