{
  "bazelInvocation": {
    "bazelCommand": {
      "cmdLine": [
        "--enable_runfiles=1",
        "--build_event_json_file=./pkg/summary/testdata/nextjs_build_fail.bep.ndjson"
      ],
      "command": "test",
      "executable": "bazel",
      "explicitCmdLine": "--build_event_json_file=./pkg/summary/testdata/nextjs_build_fail.bep.ndjson",
      "explicitStartupOptions": [
        "--host_jvm_args=-DBAZEL_TRACK_SOURCE_DIRECTORIES=1"
      ],
      "id": "",
      "residual": "//...",
      "startupOptions": [
        "--max_idle_secs=10800",
        "--noshutdown_on_low_sys_mem",
        "--connect_timeout_secs=30",
        "--output_user_root=/var/tmp/_bazel_nameless",
        "--output_base=/private/var/tmp/_bazel_nameless/785aba6fa73b7504b05bf113721e0096",
        "--failure_detail_out=/private/var/tmp/_bazel_nameless/785aba6fa73b7504b05bf113721e0096/failure_detail.rawproto",
        "--expand_configs_in_place",
        "--idle_server_tasks",
        "--write_command_log",
        "--nowatchfs",
        "--nofatal_event_bus_exceptions",
        "--nowindows_enable_symlinks",
        "--noclient_debug",
        "--host_jvm_args=-DBAZEL_TRACK_SOURCE_DIRECTORIES=1"
      ]
    },
    "bazelVersion": "7.1.0",
    "build": null,
    "configurationMnemonic": "darwin_arm64-fastbuild",
    "cpu": "darwin_arm64",
    "endedAt": "2024-05-03T00:24:16.367Z",
    "hostname": "Namelesss-MacBook-Pro.local",
    "id": "QmF6ZWxJbnZvY2F0aW9uOjI=",
    "instanceName": "",
    "invocationID": "08ae089d-4c85-405c-83fc-dbe9fc1dc942",
    "isCiWorker": false,
    "metrics": {
      "actionSummary": {
        "actionCacheStatistics": {
          "hits": 8,
          "id": "QWN0aW9uQ2FjaGVTdGF0aXN0aWNzOjI=",
          "loadTimeInMs": 0,
          "missDetails": [
            {
              "count": 0,
              "id": "TWlzc0RldGFpOjg=",
              "reason": "DIFFERENT_ACTION_KEY"
            },
            {
              "count": 0,
              "id": "TWlzc0RldGFpOjk=",
              "reason": "DIFFERENT_DEPS"
            },
            {
              "count": 0,
              "id": "TWlzc0RldGFpOjEw",
              "reason": "DIFFERENT_ENVIRONMENT"
            },
            {
              "count": 2,
              "id": "TWlzc0RldGFpOjEx",
              "reason": "DIFFERENT_FILES"
            },
            {
              "count": 0,
              "id": "TWlzc0RldGFpOjEy",
              "reason": "CORRUPTED_CACHE_ENTRY"
            },
            {
              "count": 0,
              "id": "TWlzc0RldGFpOjEz",
              "reason": "NOT_CACHED"
            },
            {
              "count": 1,
              "id": "TWlzc0RldGFpOjE0",
              "reason": "UNCONDITIONAL_EXECUTION"
            }
          ],
          "misses": 3,
          "saveTimeInMs": 0,
          "sizeInBytes": 1548758
        },
        "actionData": [
          {
            "actionsCreated": 0,
            "actionsExecuted": 1,
            "firstStartedMs": 1714695855664,
            "id": "QWN0aW9uRGF0YTo0",
            "lastEndedMs": 1714695855666,
            "mnemonic": "BazelWorkspaceStatusAction",
            "systemTime": 0,
            "userTime": 0
          },
          {
            "actionsCreated": 0,
            "actionsExecuted": 1,
            "firstStartedMs": 1714695855711,
            "id": "QWN0aW9uRGF0YTo1",
            "lastEndedMs": 1714695855724,
            "mnemonic": "CopyFile",
            "systemTime": 1,
            "userTime": 1
          },
          {
            "actionsCreated": 0,
            "actionsExecuted": 1,
            "firstStartedMs": 1714695855725,
            "id": "QWN0aW9uRGF0YTo2",
            "lastEndedMs": 1714695856359,
            "mnemonic": "TsProject",
            "systemTime": 0,
            "userTime": 0
          }
        ],
        "actionsCreated": 0,
        "actionsCreatedNotIncludingAspects": 0,
        "actionsExecuted": 3,
        "id": "QWN0aW9uU3VtbWFyeToy",
        "remoteCacheHits": 0,
        "runnerCount": [
          {
            "actionsExecuted": 3,
            "execKind": "",
            "id": "UnVubmVyQ291bnQ6NQ==",
            "name": "total"
          },
          {
            "actionsExecuted": 2,
            "execKind": "",
            "id": "UnVubmVyQ291bnQ6Ng==",
            "name": "internal"
          },
          {
            "actionsExecuted": 1,
            "execKind": "Local",
            "id": "UnVubmVyQ291bnQ6Nw==",
            "name": "local"
          }
        ]
      },
      "artifactMetrics": {
        "id": "QXJ0aWZhY3RNZXRyaWNzOjI=",
        "outputArtifactsFromActionCacheCount": 16,
        "outputArtifactsFromActionCacheSizeInBytes": 3733,
        "outputArtifactsSeenCount": 19,
        "outputArtifactsSeenSizeInBytes": 6359,
        "sourceArtifactsReadCount": 1,
        "sourceArtifactsReadSizeInBytes": 2491,
        "topLevelArtifactsCount": 0,
        "topLevelArtifactsSizeInBytes": 0
      },
      "buildGraphMetrics": {
        "actionCount": 0,
        "actionLookupValueCount": 0,
        "actionLookupValueCountNotIncludingAspects": 0,
        "id": "QnVpbGRHcmFwaE1ldHJpY3M6Mg==",
        "inputFileConfiguredTargetCount": 0,
        "otherConfiguredTargetCount": 0,
        "outputArtifactCount": 0,
        "outputFileConfiguredTargetCount": 0,
        "postInvocationSkyframeNodeCount": 117746
      },
      "cumulativeMetrics": {
        "id": "Q3VtdWxhdGl2ZU1ldHJpY3M6Mg==",
        "numAnalyses": 10,
        "numBuilds": 10
      },
      "id": "TWV0cmljczoy",
      "memoryMetrics": {
        "garbageMetrics": [],
        "id": "TWVtb3J5TWV0cmljczoy",
        "peakPostGcHeapSize": 0,
        "peakPostGcTenuredSpaceHeapSize": 0,
        "usedHeapSizePostBuild": 0
      },
      "networkMetrics": null,
      "packageMetrics": {
        "id": "UGFja2FnZU1ldHJpY3M6Mg==",
        "packageLoadMetrics": [],
        "packagesLoaded": 0
      },
      "targetMetrics": {
        "id": "VGFyZ2V0TWV0cmljczoy",
        "targetsConfigured": 0,
        "targetsConfiguredNotIncludingAspects": 0,
        "targetsLoaded": 0
      },
      "timingMetrics": {
        "actionsExecutionStartInMs": 0,
        "analysisPhaseTimeInMs": 55,
        "cpuTimeInMs": 2792,
        "executionPhaseTimeInMs": 702,
        "id": "VGltaW5nTWV0cmljczoy",
        "wallTimeInMs": 960
      }
    },
    "numFetches": 0,
    "profile": null,
    "sourceControl": null,
    "startedAt": "2024-05-03T00:24:15.374Z",
    "state": {
      "bepCompleted": true,
      "buildEndTime": "2024-05-03T00:24:16.367Z",
      "buildStartTime": "2024-05-03T00:24:15.374Z",
      "exitCode": {
        "code": 1,
        "id": "",
        "name": "BUILD_FAILURE"
      },
      "id": ""
    },
    "stepLabel": "",
    "targets": [
      {
        "abortReason": "",
        "durationInMs": 0,
        "id": "VGFyZ2V0OjY0",
        "label": "//next.js/pages/api:api",
        "success": true,
        "targetKind": "ts_project rule",
        "testSize": "UNKNOWN"
      },
      {
        "abortReason": "",
        "durationInMs": 0,
        "id": "VGFyZ2V0OjY1",
        "label": "//next.js/pages:_jest_test_bazel_sequencer",
        "success": true,
        "targetKind": "_copy_file rule",
        "testSize": "UNKNOWN"
      },
      {
        "abortReason": "",
        "durationInMs": 0,
        "id": "VGFyZ2V0OjY2",
        "label": "//next.js/pages:_jest_test_bazel_snapshot_reporter",
        "success": true,
        "targetKind": "_copy_file rule",
        "testSize": "UNKNOWN"
      },
      {
        "abortReason": "",
        "durationInMs": 0,
        "id": "VGFyZ2V0OjY3",
        "label": "//next.js/pages:_jest_test_bazel_snapshot_resolver",
        "success": true,
        "targetKind": "_copy_file rule",
        "testSize": "UNKNOWN"
      },
      {
        "abortReason": "",
        "durationInMs": 0,
        "id": "VGFyZ2V0OjY4",
        "label": "//next.js/pages:_jest_test_jest_entrypoint",
        "success": true,
        "targetKind": "directory_path rule",
        "testSize": "UNKNOWN"
      },
      {
        "abortReason": "UNKNOWN",
        "durationInMs": 0,
        "id": "VGFyZ2V0OjY5",
        "label": "//next.js/pages:jest_test",
        "success": false,
        "targetKind": "jest_test rule",
        "testSize": "MEDIUM"
      },
      {
        "abortReason": "UNKNOWN",
        "durationInMs": 0,
        "id": "VGFyZ2V0Ojcw",
        "label": "//next.js/pages:pages",
        "success": false,
        "targetKind": "ts_project rule",
        "testSize": "UNKNOWN"
      },
      {
        "abortReason": "",
        "durationInMs": 0,
        "id": "VGFyZ2V0Ojcx",
        "label": "//next.js/styles:styles",
        "success": true,
        "targetKind": "js_library rule",
        "testSize": "UNKNOWN"
      },
      {
        "abortReason": "",
        "durationInMs": 0,
        "id": "VGFyZ2V0Ojcy",
        "label": "//next.js/public:public",
        "success": true,
        "targetKind": "js_library rule",
        "testSize": "UNKNOWN"
      },
      {
        "abortReason": "UNKNOWN",
        "durationInMs": 0,
        "id": "VGFyZ2V0Ojcz",
        "label": "//next.js:build_smoke_test",
        "success": false,
        "targetKind": "js_test rule",
        "testSize": "MEDIUM"
      },
      {
        "abortReason": "UNKNOWN",
        "durationInMs": 0,
        "id": "VGFyZ2V0Ojc0",
        "label": "//next.js:build_test",
        "success": false,
        "targetKind": "_empty_test rule",
        "testSize": "SMALL"
      },
      {
        "abortReason": "UNKNOWN",
        "durationInMs": 0,
        "id": "VGFyZ2V0Ojc1",
        "label": "//next.js/pages:specs",
        "success": false,
        "targetKind": "ts_project rule",
        "testSize": "UNKNOWN"
      },
      {
        "abortReason": "",
        "durationInMs": 0,
        "id": "VGFyZ2V0Ojc2",
        "label": "//next.js:eslintrc",
        "success": true,
        "targetKind": "js_library rule",
        "testSize": "UNKNOWN"
      },
      {
        "abortReason": "",
        "durationInMs": 0,
        "id": "VGFyZ2V0Ojc3",
        "label": "//next.js:jest_config",
        "success": true,
        "targetKind": "js_library rule",
        "testSize": "UNKNOWN"
      },
      {
        "abortReason": "",
        "durationInMs": 0,
        "id": "VGFyZ2V0Ojc4",
        "label": "//next.js:next",
        "success": false,
        "targetKind": "_run_binary rule",
        "testSize": "UNKNOWN"
      },
      {
        "abortReason": "",
        "durationInMs": 0,
        "id": "VGFyZ2V0Ojc5",
        "label": "//next.js:next_js_binary",
        "success": true,
        "targetKind": "js_binary rule",
        "testSize": "UNKNOWN"
      },
      {
        "abortReason": "UNKNOWN",
        "durationInMs": 0,
        "id": "VGFyZ2V0Ojgw",
        "label": "//next.js:next_start",
        "success": false,
        "targetKind": "_js_run_devserver rule",
        "testSize": "UNKNOWN"
      },
      {
        "abortReason": "UNKNOWN",
        "durationInMs": 0,
        "id": "VGFyZ2V0Ojgx",
        "label": "//next.js:next_dev",
        "success": false,
        "targetKind": "_js_run_devserver rule",
        "testSize": "UNKNOWN"
      },
      {
        "abortReason": "",
        "durationInMs": 0,
        "id": "VGFyZ2V0Ojgy",
        "label": "//next.js:package_json",
        "success": true,
        "targetKind": "js_library rule",
        "testSize": "UNKNOWN"
      },
      {
        "abortReason": "",
        "durationInMs": 0,
        "id": "VGFyZ2V0Ojgz",
        "label": "//packages/one:one",
        "success": true,
        "targetKind": "_npm_package rule",
        "testSize": "UNKNOWN"
      },
      {
        "abortReason": "",
        "durationInMs": 0,
        "id": "VGFyZ2V0Ojg0",
        "label": "//packages/one:one_ts",
        "success": true,
        "targetKind": "ts_project rule",
        "testSize": "UNKNOWN"
      },
      {
        "abortReason": "",
        "durationInMs": 0,
        "id": "VGFyZ2V0Ojg1",
        "label": "//next.js:tsconfig",
        "success": true,
        "targetKind": "ts_config rule",
        "testSize": "UNKNOWN"
      },
      {
        "abortReason": "",
        "durationInMs": 0,
        "id": "VGFyZ2V0Ojg2",
        "label": "//react/public:public",
        "success": true,
        "targetKind": "js_library rule",
        "testSize": "UNKNOWN"
      },
      {
        "abortReason": "",
        "durationInMs": 0,
        "id": "VGFyZ2V0Ojg3",
        "label": "//react/src:assets",
        "success": true,
        "targetKind": "js_library rule",
        "testSize": "UNKNOWN"
      },
      {
        "abortReason": "",
        "durationInMs": 0,
        "id": "VGFyZ2V0Ojg4",
        "label": "//react/src:src",
        "success": true,
        "targetKind": "js_library rule",
        "testSize": "UNKNOWN"
      },
      {
        "abortReason": "",
        "durationInMs": 0,
        "id": "VGFyZ2V0Ojg5",
        "label": "//react/src:src_typecheck",
        "success": true,
        "targetKind": "filegroup rule",
        "testSize": "UNKNOWN"
      },
      {
        "abortReason": "",
        "durationInMs": 0,
        "id": "VGFyZ2V0Ojkw",
        "label": "//react/src:src_transpile",
        "success": true,
        "targetKind": "swc_compile rule",
        "testSize": "UNKNOWN"
      },
      {
        "abortReason": "",
        "durationInMs": 0,
        "id": "VGFyZ2V0Ojkx",
        "label": "//react/src:src_typecheck_test",
        "success": true,
        "targetKind": "_empty_test rule",
        "testSize": "SMALL"
      },
      {
        "abortReason": "",
        "durationInMs": 0,
        "id": "VGFyZ2V0Ojky",
        "label": "//react/src:lint",
        "success": true,
        "targetKind": "eslint_test rule",
        "testSize": "MEDIUM"
      },
      {
        "abortReason": "",
        "durationInMs": 0,
        "id": "VGFyZ2V0Ojkz",
        "label": "//react/src:src_typings",
        "success": true,
        "targetKind": "ts_project rule",
        "testSize": "UNKNOWN"
      },
      {
        "abortReason": "",
        "durationInMs": 0,
        "id": "VGFyZ2V0Ojk0",
        "label": "//react/src:test",
        "success": true,
        "targetKind": "js_test rule",
        "testSize": "MEDIUM"
      },
      {
        "abortReason": "",
        "durationInMs": 0,
        "id": "VGFyZ2V0Ojk1",
        "label": "//react/src:test_lib",
        "success": true,
        "targetKind": "js_library rule",
        "testSize": "UNKNOWN"
      },
      {
        "abortReason": "",
        "durationInMs": 0,
        "id": "VGFyZ2V0Ojk2",
        "label": "//react/src:test_lib_transpile",
        "success": true,
        "targetKind": "swc_compile rule",
        "testSize": "UNKNOWN"
      },
      {
        "abortReason": "",
        "durationInMs": 0,
        "id": "VGFyZ2V0Ojk3",
        "label": "//react/src:test_lib_typecheck",
        "success": true,
        "targetKind": "filegroup rule",
        "testSize": "UNKNOWN"
      },
      {
        "abortReason": "",
        "durationInMs": 0,
        "id": "VGFyZ2V0Ojk4",
        "label": "//react/src:test_lib_typecheck_test",
        "success": true,
        "targetKind": "_empty_test rule",
        "testSize": "SMALL"
      },
      {
        "abortReason": "",
        "durationInMs": 0,
        "id": "VGFyZ2V0Ojk5",
        "label": "//react/src:test_lib_typings",
        "success": true,
        "targetKind": "ts_project rule",
        "testSize": "UNKNOWN"
      },
      {
        "abortReason": "",
        "durationInMs": 0,
        "id": "VGFyZ2V0OjEwMA==",
        "label": "//react:build",
        "success": true,
        "targetKind": "_run_binary rule",
        "testSize": "UNKNOWN"
      },
      {
        "abortReason": "",
        "durationInMs": 0,
        "id": "VGFyZ2V0OjEwMQ==",
        "label": "//react:build_smoke_test",
        "success": true,
        "targetKind": "js_test rule",
        "testSize": "MEDIUM"
      },
      {
        "abortReason": "",
        "durationInMs": 0,
        "id": "VGFyZ2V0OjEwMg==",
        "label": "//react:package_json",
        "success": true,
        "targetKind": "js_library rule",
        "testSize": "UNKNOWN"
      },
      {
        "abortReason": "",
        "durationInMs": 0,
        "id": "VGFyZ2V0OjEwMw==",
        "label": "//react:preview",
        "success": true,
        "targetKind": "js_binary rule",
        "testSize": "UNKNOWN"
      },
      {
        "abortReason": "",
        "durationInMs": 0,
        "id": "VGFyZ2V0OjEwNA==",
        "label": "//react:start",
        "success": true,
        "targetKind": "_js_run_devserver rule",
        "testSize": "UNKNOWN"
      },
      {
        "abortReason": "",
        "durationInMs": 0,
        "id": "VGFyZ2V0OjEwNQ==",
        "label": "//react:tsconfig",
        "success": true,
        "targetKind": "ts_config rule",
        "testSize": "UNKNOWN"
      },
      {
        "abortReason": "",
        "durationInMs": 0,
        "id": "VGFyZ2V0OjEwNg==",
        "label": "//react:vite",
        "success": true,
        "targetKind": "js_binary rule",
        "testSize": "UNKNOWN"
      },
      {
        "abortReason": "",
        "durationInMs": 0,
        "id": "VGFyZ2V0OjEwNw==",
        "label": "//react:vite.config",
        "success": true,
        "targetKind": "js_library rule",
        "testSize": "UNKNOWN"
      },
      {
        "abortReason": "",
        "durationInMs": 0,
        "id": "VGFyZ2V0OjEwOA==",
        "label": "//react:write_swcrc",
        "success": true,
        "targetKind": "_run_binary rule",
        "testSize": "UNKNOWN"
      },
      {
        "abortReason": "",
        "durationInMs": 0,
        "id": "VGFyZ2V0OjEwOQ==",
        "label": "//react-webpack/src:transpile",
        "success": true,
        "targetKind": "swc_compile rule",
        "testSize": "UNKNOWN"
      },
      {
        "abortReason": "",
        "durationInMs": 0,
        "id": "VGFyZ2V0OjExMA==",
        "label": "//react-webpack:_bundle_webpack_binary",
        "success": true,
        "targetKind": "js_binary rule",
        "testSize": "UNKNOWN"
      },
      {
        "abortReason": "",
        "durationInMs": 0,
        "id": "VGFyZ2V0OjExMQ==",
        "label": "//react-webpack:_bundle_webpack_binary_entrypoint",
        "success": true,
        "targetKind": "directory_path rule",
        "testSize": "UNKNOWN"
      },
      {
        "abortReason": "",
        "durationInMs": 0,
        "id": "VGFyZ2V0OjExMg==",
        "label": "//react-webpack:_dev_server_webpack_binary",
        "success": true,
        "targetKind": "js_binary rule",
        "testSize": "UNKNOWN"
      },
      {
        "abortReason": "",
        "durationInMs": 0,
        "id": "VGFyZ2V0OjExMw==",
        "label": "//react-webpack:_dev_server_webpack_binary_entrypoint",
        "success": true,
        "targetKind": "directory_path rule",
        "testSize": "UNKNOWN"
      },
      {
        "abortReason": "",
        "durationInMs": 0,
        "id": "VGFyZ2V0OjExNA==",
        "label": "//react-webpack:build_smoke_test",
        "success": true,
        "targetKind": "js_test rule",
        "testSize": "MEDIUM"
      },
      {
        "abortReason": "",
        "durationInMs": 0,
        "id": "VGFyZ2V0OjExNQ==",
        "label": "//react-webpack:bundle",
        "success": true,
        "targetKind": "_webpack_bundle rule",
        "testSize": "UNKNOWN"
      },
      {
        "abortReason": "",
        "durationInMs": 0,
        "id": "VGFyZ2V0OjExNg==",
        "label": "//react-webpack:dev_server",
        "success": true,
        "targetKind": "_js_run_devserver rule",
        "testSize": "UNKNOWN"
      },
      {
        "abortReason": "",
        "durationInMs": 0,
        "id": "VGFyZ2V0OjExNw==",
        "label": "//vue/libraries/simple:build",
        "success": true,
        "targetKind": "_run_binary rule",
        "testSize": "UNKNOWN"
      },
      {
        "abortReason": "",
        "durationInMs": 0,
        "id": "VGFyZ2V0OjExOA==",
        "label": "//vue/libraries/simple:simple",
        "success": true,
        "targetKind": "_npm_package rule",
        "testSize": "UNKNOWN"
      },
      {
        "abortReason": "",
        "durationInMs": 0,
        "id": "VGFyZ2V0OjExOQ==",
        "label": "//vue/libraries/simple:types",
        "success": true,
        "targetKind": "_run_binary rule",
        "testSize": "UNKNOWN"
      },
      {
        "abortReason": "",
        "durationInMs": 0,
        "id": "VGFyZ2V0OjEyMA==",
        "label": "//vue/libraries/simple:vite.config",
        "success": true,
        "targetKind": "js_library rule",
        "testSize": "UNKNOWN"
      },
      {
        "abortReason": "",
        "durationInMs": 0,
        "id": "VGFyZ2V0OjEyMQ==",
        "label": "//vue/src:src",
        "success": true,
        "targetKind": "_copy_to_bin rule",
        "testSize": "UNKNOWN"
      },
      {
        "abortReason": "",
        "durationInMs": 0,
        "id": "VGFyZ2V0OjEyMg==",
        "label": "//vue:build",
        "success": true,
        "targetKind": "_run_binary rule",
        "testSize": "UNKNOWN"
      },
      {
        "abortReason": "",
        "durationInMs": 0,
        "id": "VGFyZ2V0OjEyMw==",
        "label": "//vue:build_test",
        "success": true,
        "targetKind": "_empty_test rule",
        "testSize": "SMALL"
      },
      {
        "abortReason": "",
        "durationInMs": 0,
        "id": "VGFyZ2V0OjEyNA==",
        "label": "//vue:type-check",
        "success": true,
        "targetKind": "js_test rule",
        "testSize": "MEDIUM"
      },
      {
        "abortReason": "",
        "durationInMs": 0,
        "id": "VGFyZ2V0OjEyNQ==",
        "label": "//vue:vite",
        "success": true,
        "targetKind": "js_binary rule",
        "testSize": "UNKNOWN"
      },
      {
        "abortReason": "",
        "durationInMs": 0,
        "id": "VGFyZ2V0OjEyNg==",
        "label": "//:eslint",
        "success": true,
        "targetKind": "js_binary rule",
        "testSize": "UNKNOWN"
      }
    ],
    "testCollection": [
      {
        "cachedLocally": true,
        "cachedRemotely": false,
        "durationMs": 85,
        "id": "VGVzdENvbGxlY3Rpb246MTI=",
        "label": "//react/src:src_typecheck_test",
        "overallStatus": "PASSED",
        "strategy": ""
      },
      {
        "cachedLocally": true,
        "cachedRemotely": false,
        "durationMs": 95,
        "id": "VGVzdENvbGxlY3Rpb246MTM=",
        "label": "//react/src:test_lib_typecheck_test",
        "overallStatus": "PASSED",
        "strategy": ""
      },
      {
        "cachedLocally": true,
        "cachedRemotely": false,
        "durationMs": 191,
        "id": "VGVzdENvbGxlY3Rpb246MTQ=",
        "label": "//react:build_smoke_test",
        "overallStatus": "PASSED",
        "strategy": ""
      },
      {
        "cachedLocally": true,
        "cachedRemotely": false,
        "durationMs": 68,
        "id": "VGVzdENvbGxlY3Rpb246MTU=",
        "label": "//vue:build_test",
        "overallStatus": "PASSED",
        "strategy": ""
      },
      {
        "cachedLocally": true,
        "cachedRemotely": false,
        "durationMs": 1180,
        "id": "VGVzdENvbGxlY3Rpb246MTY=",
        "label": "//vue:type-check",
        "overallStatus": "PASSED",
        "strategy": ""
      },
      {
        "cachedLocally": true,
        "cachedRemotely": false,
        "durationMs": 112,
        "id": "VGVzdENvbGxlY3Rpb246MTc=",
        "label": "//react/src:lint",
        "overallStatus": "PASSED",
        "strategy": ""
      },
      {
        "cachedLocally": true,
        "cachedRemotely": false,
        "durationMs": 1715,
        "id": "VGVzdENvbGxlY3Rpb246MTg=",
        "label": "//react/src:test",
        "overallStatus": "PASSED",
        "strategy": ""
      },
      {
        "cachedLocally": true,
        "cachedRemotely": false,
        "durationMs": 170,
        "id": "VGVzdENvbGxlY3Rpb246MTk=",
        "label": "//react-webpack:build_smoke_test",
        "overallStatus": "PASSED",
        "strategy": ""
      }
    ],
    "user": {
      "Email": "",
      "LDAP": "nameless"
    }
  }
}