{
  "getBuild": {
    "buildURL": "https://example.com/build/1234",
    "buildUUID": "16276f4b-81e2-5b48-a09a-7c7c7b8b692f",
    "id": "QnVpbGQ6MQ==",
    "invocations": [
      {
        "endedAt": "2024-05-13T23:43:26.247Z",
        "id": "QmF6ZWxJbnZvY2F0aW9uOjU=",
        "invocationID": "571d0839-fd63-4442-bb4d-61f7bfa4ddae",
        "sourceControl": {
          "action": "",
          "job": "",
          "runnerName": "",
          "workflow": ""
        },
        "startedAt": "2024-05-13T23:43:23.045Z",
        "state": {
          "exitCode": {
            "name": "TESTS_FAILED"
          }
        },
        "userLdap": "nameless"
      }
    ],
    "timestamp": "2024-05-13T23:43:23.045Z"
  }
}