{
  "bazelInvocation": {
    "bazelCommand": {
      "cmdLine": [
        "--enable_runfiles=1",
        "--build_metadata=BUILD_STEP_LABEL=nextjs_test",
        "--build_event_json_file=./pkg/summary/testdata/nextjs_test_fail.bep.ndjson"
      ],
      "command": "test",
      "executable": "bazel",
      "explicitCmdLine": "--build_metadata=BUILD_STEP_LABEL=nextjs_test --build_event_json_file=./pkg/summary/testdata/nextjs_test_fail.bep.ndjson",
      "explicitStartupOptions": [
        "--host_jvm_args=-DBAZEL_TRACK_SOURCE_DIRECTORIES=1"
      ],
      "id": "",
      "residual": "//next.js/...",
      "startupOptions": [
        "--max_idle_secs=10800",
        "--noshutdown_on_low_sys_mem",
        "--connect_timeout_secs=30",
        "--output_user_root=/var/tmp/_bazel_nameless",
        "--output_base=/private/var/tmp/_bazel_nameless/785aba6fa73b7504b05bf113721e0096",
        "--failure_detail_out=/private/var/tmp/_bazel_nameless/785aba6fa73b7504b05bf113721e0096/failure_detail.rawproto",
        "--expand_configs_in_place",
        "--idle_server_tasks",
        "--write_command_log",
        "--nowatchfs",
        "--nofatal_event_bus_exceptions",
        "--nowindows_enable_symlinks",
        "--noclient_debug",
        "--host_jvm_args=-DBAZEL_TRACK_SOURCE_DIRECTORIES=1"
      ]
    },
    "build": {
      "buildUUID": "16276f4b-81e2-5b48-a09a-7c7c7b8b692f",
      "id": "QnVpbGQ6MQ=="
    },
    "buildLogs": "Computing main repo mapping: \nLoading: \nLoading: 0 packages loaded\nAnalyzing: 20 targets (0 packages loaded, 0 targets configured)\nAnalyzing: 20 targets (0 packages loaded, 0 targets configured)\n[0 / 1] [Prepa] BazelWorkspaceStatusAction stable-status.txt\nAnalyzing: 20 targets (0 packages loaded, 0 targets configured)\n[3 / 3] 2 / 2 tests; checking cached actions\nINFO: Analyzed 20 targets (1 packages loaded, 16 targets configured).\n[9 / 10] 2 / 3 tests; Testing //next.js/pages:jest_test; 1s darwin-sandbox\nFAIL: //next.js/pages:jest_test (see /private/var/tmp/_bazel_nameless/785aba6fa73b7504b05bf113721e0096/execroot/_main/bazel-out/darwin_arm64-fastbuild/testlogs/next.js/pages/jest_test/test.log)\n//next.js:build_smoke_test                                      (cached) PASSED in 0.7s\n//next.js:build_test                                            (cached) PASSED in 0.1s\n//next.js/pages:jest_test                                                FAILED in 1.4s\n  /private/var/tmp/_bazel_nameless/785aba6fa73b7504b05bf113721e0096/execroot/_main/bazel-out/darwin_arm64-fastbuild/testlogs/next.js/pages/jest_test/test.log\nExecuted 1 out of 3 tests: 2 tests pass and 1 fails locally.\nThere were tests whose specified size is too big. Use the --test_verbose_timeout_warnings command line option to see which ones these are.\nINFO: Found 17 targets and 3 test targets...\nINFO: Elapsed time: 3.202s, Critical Path: 1.74s\nINFO: 2 processes: 1 internal, 1 darwin-sandbox.\nINFO: Build completed, 1 test FAILED, 2 total actions\nINFO: \n",
    "configurationMnemonic": "darwin_arm64-fastbuild",
    "cpu": "darwin_arm64",
    "endedAt": "2024-05-13T23:43:26.247Z",
    "hostname": "",
    "id": "QmF6ZWxJbnZvY2F0aW9uOjU=",
    "instanceName": "",
    "invocationID": "571d0839-fd63-4442-bb4d-61f7bfa4ddae",
    "isCiWorker": false,
    "metrics": {
      "actionSummary": {
        "actionCacheStatistics": {
          "hits": 9,
          "id": "QWN0aW9uQ2FjaGVTdGF0aXN0aWNzOjU=",
          "loadTimeInMs": 0,
          "missDetails": [
            {
              "count": 0,
              "id": "TWlzc0RldGFpOjI5",
              "reason": "DIFFERENT_ACTION_KEY"
            },
            {
              "count": 0,
              "id": "TWlzc0RldGFpOjMw",
              "reason": "DIFFERENT_DEPS"
            },
            {
              "count": 0,
              "id": "TWlzc0RldGFpOjMx",
              "reason": "DIFFERENT_ENVIRONMENT"
            },
            {
              "count": 0,
              "id": "TWlzc0RldGFpOjMy",
              "reason": "DIFFERENT_FILES"
            },
            {
              "count": 0,
              "id": "TWlzc0RldGFpOjMz",
              "reason": "CORRUPTED_CACHE_ENTRY"
            },
            {
              "count": 0,
              "id": "TWlzc0RldGFpOjM0",
              "reason": "NOT_CACHED"
            },
            {
              "count": 2,
              "id": "TWlzc0RldGFpOjM1",
              "reason": "UNCONDITIONAL_EXECUTION"
            }
          ],
          "misses": 2,
          "saveTimeInMs": 0,
          "sizeInBytes": 1549056
        },
        "actionData": [
          {
            "actionsCreated": 0,
            "actionsExecuted": 1,
            "firstStartedMs": 1715643804513,
            "id": "QWN0aW9uRGF0YToxMg==",
            "lastEndedMs": 1715643806245,
            "mnemonic": "TestRunner",
            "systemTime": 397,
            "userTime": 842
          },
          {
            "actionsCreated": 0,
            "actionsExecuted": 1,
            "firstStartedMs": 1715643803398,
            "id": "QWN0aW9uRGF0YToxMw==",
            "lastEndedMs": 1715643803400,
            "mnemonic": "BazelWorkspaceStatusAction",
            "systemTime": 0,
            "userTime": 0
          }
        ],
        "actionsCreated": 22,
        "actionsCreatedNotIncludingAspects": 22,
        "actionsExecuted": 2,
        "id": "QWN0aW9uU3VtbWFyeTo1",
        "remoteCacheHits": 0,
        "runnerCount": [
          {
            "actionsExecuted": 2,
            "execKind": "",
            "id": "UnVubmVyQ291bnQ6MTQ=",
            "name": "total"
          },
          {
            "actionsExecuted": 1,
            "execKind": "",
            "id": "UnVubmVyQ291bnQ6MTU=",
            "name": "internal"
          },
          {
            "actionsExecuted": 1,
            "execKind": "Local",
            "id": "UnVubmVyQ291bnQ6MTY=",
            "name": "darwin-sandbox"
          }
        ]
      },
      "artifactMetrics": {
        "id": "QXJ0aWZhY3RNZXRyaWNzOjU=",
        "outputArtifactsFromActionCache": {
          "count": 11,
          "id": "RmlsZXNNZXRyaWM6MTk=",
          "sizeInBytes": 690376
        },
        "outputArtifactsSeen": {
          "count": 15,
          "id": "RmlsZXNNZXRyaWM6MTg=",
          "sizeInBytes": 692189
        },
        "sourceArtifactsRead": {
          "count": 0,
          "id": "RmlsZXNNZXRyaWM6MTc=",
          "sizeInBytes": 0
        },
        "topLevelArtifacts": {
          "count": 12392,
          "id": "RmlsZXNNZXRyaWM6MjA=",
          "sizeInBytes": 1157054839
        }
      },
      "buildGraphMetrics": {
        "actionCount": 2893,
        "actionLookupValueCount": 5586,
        "actionLookupValueCountNotIncludingAspects": 5585,
        "id": "QnVpbGRHcmFwaE1ldHJpY3M6NQ==",
        "inputFileConfiguredTargetCount": 3091,
        "otherConfiguredTargetCount": 25,
        "outputArtifactCount": 2405,
        "outputFileConfiguredTargetCount": 0,
        "postInvocationSkyframeNodeCount": 117718
      },
      "cumulativeMetrics": {
        "id": "Q3VtdWxhdGl2ZU1ldHJpY3M6NQ==",
        "numAnalyses": 6,
        "numBuilds": 4
      },
      "dynamicExecutionMetrics": null,
      "id": "TWV0cmljczo1",
      "memoryMetrics": {
        "garbageMetrics": [],
        "id": "TWVtb3J5TWV0cmljczo1",
        "peakPostGcHeapSize": 0,
        "peakPostGcTenuredSpaceHeapSize": 0,
        "usedHeapSizePostBuild": 0
      },
      "networkMetrics": null,
      "packageMetrics": {
        "id": "UGFja2FnZU1ldHJpY3M6NQ==",
        "packageLoadMetrics": [],
        "packagesLoaded": 1
      },
      "targetMetrics": {
        "id": "VGFyZ2V0TWV0cmljczo1",
        "targetsConfigured": 16,
        "targetsConfiguredNotIncludingAspects": 16,
        "targetsLoaded": 0
      },
      "timingMetrics": {
        "actionsExecutionStartInMs": 0,
        "analysisPhaseTimeInMs": 1101,
        "cpuTimeInMs": 3287,
        "executionPhaseTimeInMs": 2849,
        "id": "VGltaW5nTWV0cmljczo1",
        "wallTimeInMs": 3149
      }
    },
    "numFetches": 0,
    "profile": null,
    "relatedFiles": [
      {
        "name": "command.profile.gz",
        "url": "file:///private/var/tmp/_bazel_nameless/785aba6fa73b7504b05bf113721e0096/command.profile.gz"
      },
      {
        "name": "nextjs_test_fail.bep.ndjson",
        "url": "../summary/testdata/nextjs_test_fail.bep.ndjson"
      }
    ],
    "sourceControl": {
      "action": "",
      "actor": "",
      "branch": "",
      "commitSha": "",
      "eventName": "",
      "id": "U291cmNlQ29udHJvbDo1",
      "job": "",
      "refs": "",
      "repoURL": "",
      "runID": "",
      "runnerArch": "",
      "runnerName": "",
      "runnerOs": "",
      "workflow": "",
      "workspace": ""
    },
    "startedAt": "2024-05-13T23:43:23.045Z",
    "state": {
      "bepCompleted": true,
      "buildEndTime": "2024-05-13T23:43:26.247Z",
      "buildStartTime": "2024-05-13T23:43:26.247Z",
      "exitCode": {
        "code": 3,
        "id": "",
        "name": "TESTS_FAILED"
      },
      "id": ""
    },
    "stepLabel": "nextjs_test",
    "targets": [],
    "testCollection": [],
    "user": {
      "Email": "",
      "LDAP": ""
    }
  }
}