{
  "bazelInvocation": {
    "bazelCommand": {
      "cmdLine": [
        "--enable_runfiles=1",
        "--build_event_json_file=./pkg/summary/testdata/nextjs_build_fail.bep.ndjson"
      ],
      "command": "test",
      "executable": "bazel",
      "explicitCmdLine": "--build_event_json_file=./pkg/summary/testdata/nextjs_build_fail.bep.ndjson",
      "explicitStartupOptions": [
        "--host_jvm_args=-DBAZEL_TRACK_SOURCE_DIRECTORIES=1"
      ],
      "id": "",
      "residual": "//...",
      "startupOptions": [
        "--max_idle_secs=10800",
        "--noshutdown_on_low_sys_mem",
        "--connect_timeout_secs=30",
        "--output_user_root=/var/tmp/_bazel_nameless",
        "--output_base=/private/var/tmp/_bazel_nameless/785aba6fa73b7504b05bf113721e0096",
        "--failure_detail_out=/private/var/tmp/_bazel_nameless/785aba6fa73b7504b05bf113721e0096/failure_detail.rawproto",
        "--expand_configs_in_place",
        "--idle_server_tasks",
        "--write_command_log",
        "--nowatchfs",
        "--nofatal_event_bus_exceptions",
        "--nowindows_enable_symlinks",
        "--noclient_debug",
        "--host_jvm_args=-DBAZEL_TRACK_SOURCE_DIRECTORIES=1"
      ]
    },
    "build": null,
    "configurationMnemonic": "darwin_arm64-fastbuild",
    "cpu": "darwin_arm64",
    "endedAt": "2024-05-03T00:24:16.367Z",
    "hostname": "Namelesss-MacBook-Pro.local",
    "id": "QmF6ZWxJbnZvY2F0aW9uOjI=",
    "instanceName": "",
    "invocationID": "08ae089d-4c85-405c-83fc-dbe9fc1dc942",
    "isCiWorker": false,
    "metrics": {
      "actionSummary": {
        "actionCacheStatistics": {
          "hits": 8,
          "id": "QWN0aW9uQ2FjaGVTdGF0aXN0aWNzOjI=",
          "loadTimeInMs": 0,
          "missDetails": [
            {
              "count": 0,
              "id": "TWlzc0RldGFpOjg=",
              "reason": "DIFFERENT_ACTION_KEY"
            },
            {
              "count": 0,
              "id": "TWlzc0RldGFpOjk=",
              "reason": "DIFFERENT_DEPS"
            },
            {
              "count": 0,
              "id": "TWlzc0RldGFpOjEw",
              "reason": "DIFFERENT_ENVIRONMENT"
            },
            {
              "count": 2,
              "id": "TWlzc0RldGFpOjEx",
              "reason": "DIFFERENT_FILES"
            },
            {
              "count": 0,
              "id": "TWlzc0RldGFpOjEy",
              "reason": "CORRUPTED_CACHE_ENTRY"
            },
            {
              "count": 0,
              "id": "TWlzc0RldGFpOjEz",
              "reason": "NOT_CACHED"
            },
            {
              "count": 1,
              "id": "TWlzc0RldGFpOjE0",
              "reason": "UNCONDITIONAL_EXECUTION"
            }
          ],
          "misses": 3,
          "saveTimeInMs": 0,
          "sizeInBytes": 1548758
        },
        "actionData": [
          {
            "actionsCreated": 0,
            "actionsExecuted": 1,
            "firstStartedMs": 1714695855664,
            "id": "QWN0aW9uRGF0YTo0",
            "lastEndedMs": 1714695855666,
            "mnemonic": "BazelWorkspaceStatusAction",
            "systemTime": 0,
            "userTime": 0
          },
          {
            "actionsCreated": 0,
            "actionsExecuted": 1,
            "firstStartedMs": 1714695855711,
            "id": "QWN0aW9uRGF0YTo1",
            "lastEndedMs": 1714695855724,
            "mnemonic": "CopyFile",
            "systemTime": 1,
            "userTime": 1
          },
          {
            "actionsCreated": 0,
            "actionsExecuted": 1,
            "firstStartedMs": 1714695855725,
            "id": "QWN0aW9uRGF0YTo2",
            "lastEndedMs": 1714695856359,
            "mnemonic": "TsProject",
            "systemTime": 0,
            "userTime": 0
          }
        ],
        "actionsCreated": 0,
        "actionsCreatedNotIncludingAspects": 0,
        "actionsExecuted": 3,
        "id": "QWN0aW9uU3VtbWFyeToy",
        "remoteCacheHits": 0,
        "runnerCount": [
          {
            "actionsExecuted": 3,
            "execKind": "",
            "id": "UnVubmVyQ291bnQ6NQ==",
            "name": "total"
          },
          {
            "actionsExecuted": 2,
            "execKind": "",
            "id": "UnVubmVyQ291bnQ6Ng==",
            "name": "internal"
          },
          {
            "actionsExecuted": 1,
            "execKind": "Local",
            "id": "UnVubmVyQ291bnQ6Nw==",
            "name": "local"
          }
        ]
      },
      "artifactMetrics": {
        "id": "QXJ0aWZhY3RNZXRyaWNzOjI=",
        "outputArtifactsFromActionCache": {
          "count": 16,
          "id": "RmlsZXNNZXRyaWM6Nw==",
          "sizeInBytes": 3733
        },
        "outputArtifactsSeen": {
          "count": 19,
          "id": "RmlsZXNNZXRyaWM6Ng==",
          "sizeInBytes": 6359
        },
        "sourceArtifactsRead": {
          "count": 1,
          "id": "RmlsZXNNZXRyaWM6NQ==",
          "sizeInBytes": 2491
        },
        "topLevelArtifacts": {
          "count": 0,
          "id": "RmlsZXNNZXRyaWM6OA==",
          "sizeInBytes": 0
        }
      },
      "buildGraphMetrics": {
        "actionCount": 0,
        "actionLookupValueCount": 0,
        "actionLookupValueCountNotIncludingAspects": 0,
        "id": "QnVpbGRHcmFwaE1ldHJpY3M6Mg==",
        "inputFileConfiguredTargetCount": 0,
        "otherConfiguredTargetCount": 0,
        "outputArtifactCount": 0,
        "outputFileConfiguredTargetCount": 0,
        "postInvocationSkyframeNodeCount": 117746
      },
      "cumulativeMetrics": {
        "id": "Q3VtdWxhdGl2ZU1ldHJpY3M6Mg==",
        "numAnalyses": 10,
        "numBuilds": 10
      },
      "dynamicExecutionMetrics": null,
      "id": "TWV0cmljczoy",
      "memoryMetrics": {
        "garbageMetrics": [],
        "id": "TWVtb3J5TWV0cmljczoy",
        "peakPostGcHeapSize": 0,
        "peakPostGcTenuredSpaceHeapSize": 0,
        "usedHeapSizePostBuild": 0
      },
      "networkMetrics": null,
      "packageMetrics": {
        "id": "UGFja2FnZU1ldHJpY3M6Mg==",
        "packageLoadMetrics": [],
        "packagesLoaded": 0
      },
      "targetMetrics": {
        "id": "VGFyZ2V0TWV0cmljczoy",
        "targetsConfigured": 0,
        "targetsConfiguredNotIncludingAspects": 0,
        "targetsLoaded": 0
      },
      "timingMetrics": {
        "actionsExecutionStartInMs": 0,
        "analysisPhaseTimeInMs": 55,
        "cpuTimeInMs": 2792,
        "executionPhaseTimeInMs": 702,
        "id": "VGltaW5nTWV0cmljczoy",
        "wallTimeInMs": 960
      }
    },
    "numFetches": 0,
    "profile": null,
    "relatedFiles": [
      {
        "name": "command.profile.gz",
        "url": "file:///private/var/tmp/_bazel_nameless/785aba6fa73b7504b05bf113721e0096/command.profile.gz"
      },
      {
        "name": "nextjs_build_fail.bep.ndjson",
        "url": "../summary/testdata/nextjs_build_fail.bep.ndjson"
      }
    ],
    "sourceControl": {
      "action": "",
      "actor": "",
      "branch": "",
      "commitSha": "",
      "eventName": "",
      "id": "U291cmNlQ29udHJvbDoy",
      "job": "",
      "refs": "",
      "repoURL": "",
      "runID": "",
      "runnerArch": "",
      "runnerName": "",
      "runnerOs": "",
      "workflow": "",
      "workspace": ""
    },
    "startedAt": "2024-05-03T00:24:15.374Z",
    "state": {
      "bepCompleted": true,
      "buildEndTime": "2024-05-03T00:24:16.367Z",
      "buildStartTime": "2024-05-03T00:24:16.367Z",
      "exitCode": {
        "code": 1,
        "id": "",
        "name": "BUILD_FAILURE"
      },
      "id": ""
    },
    "stepLabel": "",
    "targets": [],
    "testCollection": [],
    "user": {
      "Email": "",
      "LDAP": "nameless"
    }
  }
}