{
  "bazelInvocation": {
    "bazelCommand": {
      "cmdLine": [
        "--enable_runfiles=1",
        "--build_event_json_file=./pkg/summary/testdata/nextjs_target_failed.bep.ndjson"
      ],
      "command": "build",
      "executable": "bazel",
      "explicitCmdLine": "--build_event_json_file=./pkg/summary/testdata/nextjs_target_failed.bep.ndjson",
      "explicitStartupOptions": [
        "--host_jvm_args=-DBAZEL_TRACK_SOURCE_DIRECTORIES=1"
      ],
      "id": "",
      "residual": "//...",
      "startupOptions": [
        "--max_idle_secs=10800",
        "--noshutdown_on_low_sys_mem",
        "--connect_timeout_secs=30",
        "--output_user_root=/var/tmp/_bazel_nameless",
        "--output_base=/private/var/tmp/_bazel_nameless/785aba6fa73b7504b05bf113721e0096",
        "--failure_detail_out=/private/var/tmp/_bazel_nameless/785aba6fa73b7504b05bf113721e0096/failure_detail.rawproto",
        "--expand_configs_in_place",
        "--idle_server_tasks",
        "--write_command_log",
        "--nowatchfs",
        "--nofatal_event_bus_exceptions",
        "--nowindows_enable_symlinks",
        "--noclient_debug",
        "--host_jvm_args=-DBAZEL_TRACK_SOURCE_DIRECTORIES=1"
      ]
    },
    "build": null,
    "buildLogs": "Computing main repo mapping: \nLoading: \nLoading: 0 packages loaded\nAnalyzing: 63 targets (0 packages loaded, 0 targets configured)\nAnalyzing: 63 targets (0 packages loaded, 0 targets configured)\n[0 / 1] [Prepa] BazelWorkspaceStatusAction stable-status.txt\nERROR: no such package 'next.js/pages2': BUILD file not found in any of the following directories. Add a BUILD file to a directory to mark it as a package.\n - /Volumes/LocalData/code/bazelbuild/examples/frontend/next.js/pages2\nERROR: /Volumes/LocalData/code/bazelbuild/examples/frontend/next.js/BUILD.bazel:21:5: no such package 'next.js/pages2': BUILD file not found in any of the following directories. Add a BUILD file to a directory to mark it as a package.\n - /Volumes/LocalData/code/bazelbuild/examples/frontend/next.js/pages2 and referenced by '//next.js:next_dev'\nERROR: Analysis of target '//next.js:next_dev' failed; build aborted: Analysis failed\nINFO: Elapsed time: 0.341s, Critical Path: 0.00s\nINFO: 1 process: 1 internal.\nERROR: Build did NOT complete successfully\nFAILED: \n",
    "configurationMnemonic": "darwin_arm64-fastbuild",
    "cpu": "darwin_arm64",
    "endedAt": "2024-05-03T00:29:47.784Z",
    "hostname": "Namelesss-MacBook-Pro.local",
    "id": "QmF6ZWxJbnZvY2F0aW9uOjM=",
    "instanceName": "",
    "invocationID": "df7178e2-a815-4654-a409-d18e845d1e35",
    "isCiWorker": false,
    "metrics": {
      "actionSummary": {
        "actionCacheStatistics": {
          "hits": 4,
          "id": "QWN0aW9uQ2FjaGVTdGF0aXN0aWNzOjM=",
          "loadTimeInMs": 0,
          "missDetails": [
            {
              "count": 0,
              "id": "TWlzc0RldGFpOjE1",
              "reason": "DIFFERENT_ACTION_KEY"
            },
            {
              "count": 0,
              "id": "TWlzc0RldGFpOjE2",
              "reason": "DIFFERENT_DEPS"
            },
            {
              "count": 0,
              "id": "TWlzc0RldGFpOjE3",
              "reason": "DIFFERENT_ENVIRONMENT"
            },
            {
              "count": 0,
              "id": "TWlzc0RldGFpOjE4",
              "reason": "DIFFERENT_FILES"
            },
            {
              "count": 0,
              "id": "TWlzc0RldGFpOjE5",
              "reason": "CORRUPTED_CACHE_ENTRY"
            },
            {
              "count": 0,
              "id": "TWlzc0RldGFpOjIw",
              "reason": "NOT_CACHED"
            },
            {
              "count": 1,
              "id": "TWlzc0RldGFpOjIx",
              "reason": "UNCONDITIONAL_EXECUTION"
            }
          ],
          "misses": 1,
          "saveTimeInMs": 0,
          "sizeInBytes": 1549398
        },
        "actionData": [
          {
            "actionsCreated": 0,
            "actionsExecuted": 1,
            "firstStartedMs": 1714696187752,
            "id": "QWN0aW9uRGF0YTo3",
            "lastEndedMs": 1714696187754,
            "mnemonic": "BazelWorkspaceStatusAction",
            "systemTime": 0,
            "userTime": 0
          }
        ],
        "actionsCreated": 0,
        "actionsCreatedNotIncludingAspects": 0,
        "actionsExecuted": 1,
        "id": "QWN0aW9uU3VtbWFyeToz",
        "remoteCacheHits": 0,
        "runnerCount": [
          {
            "actionsExecuted": 1,
            "execKind": "",
            "id": "UnVubmVyQ291bnQ6OA==",
            "name": "total"
          },
          {
            "actionsExecuted": 1,
            "execKind": "",
            "id": "UnVubmVyQ291bnQ6OQ==",
            "name": "internal"
          }
        ]
      },
      "artifactMetrics": {
        "id": "QXJ0aWZhY3RNZXRyaWNzOjM=",
        "outputArtifactsFromActionCache": {
          "count": 3,
          "id": "RmlsZXNNZXRyaWM6MTE=",
          "sizeInBytes": 26106
        },
        "outputArtifactsSeen": {
          "count": 5,
          "id": "RmlsZXNNZXRyaWM6MTA=",
          "sizeInBytes": 26241
        },
        "sourceArtifactsRead": {
          "count": 0,
          "id": "RmlsZXNNZXRyaWM6OQ==",
          "sizeInBytes": 0
        },
        "topLevelArtifacts": {
          "count": 0,
          "id": "RmlsZXNNZXRyaWM6MTI=",
          "sizeInBytes": 0
        }
      },
      "cumulativeMetrics": {
        "id": "Q3VtdWxhdGl2ZU1ldHJpY3M6Mw==",
        "numAnalyses": 13,
        "numBuilds": 13
      },
      "dynamicExecutionMetrics": null,
      "id": "TWV0cmljczoz",
      "memoryMetrics": {
        "garbageMetrics": [],
        "id": "TWVtb3J5TWV0cmljczoz",
        "peakPostGcHeapSize": 0,
        "peakPostGcTenuredSpaceHeapSize": 0,
        "usedHeapSizePostBuild": 0
      },
      "networkMetrics": null,
      "packageMetrics": {
        "id": "UGFja2FnZU1ldHJpY3M6Mw==",
        "packageLoadMetrics": [],
        "packagesLoaded": 0
      },
      "targetMetrics": {
        "id": "VGFyZ2V0TWV0cmljczoz",
        "targetsConfigured": 0,
        "targetsConfiguredNotIncludingAspects": 0,
        "targetsLoaded": 0
      },
      "timingMetrics": {
        "actionsExecutionStartInMs": 0,
        "analysisPhaseTimeInMs": 0,
        "cpuTimeInMs": 2508,
        "executionPhaseTimeInMs": 32,
        "id": "VGltaW5nTWV0cmljczoz",
        "wallTimeInMs": 307
      }
    },
    "numFetches": 0,
    "profile": null,
    "relatedFiles": [
      {
        "name": "command.profile.gz",
        "url": "file:///private/var/tmp/_bazel_nameless/785aba6fa73b7504b05bf113721e0096/command.profile.gz"
      },
      {
        "name": "nextjs_error_progress.bep.ndjson",
        "url": "../summary/testdata/nextjs_error_progress.bep.ndjson"
      }
    ],
    "sourceControl": {
      "action": "",
      "actor": "",
      "branch": "",
      "commitSha": "",
      "eventName": "",
      "id": "U291cmNlQ29udHJvbDoz",
      "job": "",
      "refs": "",
      "repoURL": "",
      "runID": "",
      "runnerArch": "",
      "runnerName": "",
      "runnerOs": "",
      "workflow": "",
      "workspace": ""
    },
    "startedAt": "2024-05-03T00:29:47.443Z",
    "state": {
      "bepCompleted": true,
      "buildEndTime": "2024-05-03T00:29:47.784Z",
      "buildStartTime": "2024-05-03T00:29:47.784Z",
      "exitCode": {
        "code": 1,
        "id": "",
        "name": "PARSING_FAILURE"
      },
      "id": ""
    },
    "stepLabel": "",
    "targets": [],
    "testCollection": [],
    "user": {
      "Email": "",
      "LDAP": "nameless"
    }
  }
}