{
  "bazelInvocation": {
    "bazelCommand": {
      "cmdLine": [
        "--enable_runfiles=1",
        "--build_event_json_file=./pkg/summary/testdata/nextjs_test.bep.ndjson"
      ],
      "command": "test",
      "executable": "bazel",
      "explicitCmdLine": "--build_event_json_file=./pkg/summary/testdata/nextjs_test.bep.ndjson",
      "explicitStartupOptions": [
        "--host_jvm_args=-DBAZEL_TRACK_SOURCE_DIRECTORIES=1"
      ],
      "id": "",
      "residual": "//...",
      "startupOptions": [
        "--max_idle_secs=10800",
        "--noshutdown_on_low_sys_mem",
        "--connect_timeout_secs=30",
        "--output_user_root=/var/tmp/_bazel_nameless",
        "--output_base=/private/var/tmp/_bazel_nameless/785aba6fa73b7504b05bf113721e0096",
        "--failure_detail_out=/private/var/tmp/_bazel_nameless/785aba6fa73b7504b05bf113721e0096/failure_detail.rawproto",
        "--expand_configs_in_place",
        "--idle_server_tasks",
        "--write_command_log",
        "--nowatchfs",
        "--nofatal_event_bus_exceptions",
        "--nowindows_enable_symlinks",
        "--noclient_debug",
        "--host_jvm_args=-DBAZEL_TRACK_SOURCE_DIRECTORIES=1"
      ]
    },
    "build": null,
    "buildLogs": "Computing main repo mapping: \nLoading: \nLoading: 0 packages loaded\nAnalyzing: 63 targets (0 packages loaded, 0 targets configured)\nAnalyzing: 63 targets (0 packages loaded, 0 targets configured)\n[0 / 1] [Prepa] BazelWorkspaceStatusAction stable-status.txt\nINFO: Analyzed 63 targets (0 packages loaded, 0 targets configured).\n[13 / 14] 10 / 11 tests; Testing //next.js/pages:jest_test; 0s darwin-sandbox\n//next.js:build_smoke_test                                      (cached) PASSED in 0.4s\n//next.js:build_test                                            (cached) PASSED in 0.1s\n//react:build_smoke_test                                        (cached) PASSED in 0.2s\n//react-webpack:build_smoke_test                                (cached) PASSED in 0.2s\n//react/src:lint                                                (cached) PASSED in 0.1s\n//react/src:src_typecheck_test                                  (cached) PASSED in 0.1s\n//react/src:test                                                (cached) PASSED in 1.7s\n//react/src:test_lib_typecheck_test                             (cached) PASSED in 0.1s\n//vue:build_test                                                (cached) PASSED in 0.1s\n//vue:type-check                                                (cached) PASSED in 1.2s\n//next.js/pages:jest_test                                                PASSED in 1.1s\nExecuted 1 out of 11 tests: 11 tests pass.\nThere were tests whose specified size is too big. Use the --test_verbose_timeout_warnings command line option to see which ones these are.\nINFO: Found 52 targets and 11 test targets...\nINFO: Elapsed time: 2.598s, Critical Path: 2.22s\nINFO: 4 processes: 1 internal, 2 darwin-sandbox, 1 local.\nINFO: Build completed successfully, 4 total actions\nINFO: \n",
    "configurationMnemonic": "darwin_arm64-fastbuild",
    "cpu": "darwin_arm64",
    "endedAt": "2024-05-03T00:23:40.441Z",
    "hostname": "",
    "id": "QmF6ZWxJbnZvY2F0aW9uOjQ=",
    "invocationID": "10a37e86-6e2b-4adb-83dd-c2906f42bdd6",
    "isCiWorker": false,
    "metrics": {
      "actionSummary": {
        "actionCacheStatistics": {
          "hits": 10,
          "id": "QWN0aW9uQ2FjaGVTdGF0aXN0aWNzOjQ=",
          "loadTimeInMs": 0,
          "missDetails": [
            {
              "count": 0,
              "id": "TWlzc0RldGFpOjIy",
              "reason": "DIFFERENT_ACTION_KEY"
            },
            {
              "count": 0,
              "id": "TWlzc0RldGFpOjIz",
              "reason": "DIFFERENT_DEPS"
            },
            {
              "count": 0,
              "id": "TWlzc0RldGFpOjI0",
              "reason": "DIFFERENT_ENVIRONMENT"
            },
            {
              "count": 3,
              "id": "TWlzc0RldGFpOjI1",
              "reason": "DIFFERENT_FILES"
            },
            {
              "count": 0,
              "id": "TWlzc0RldGFpOjI2",
              "reason": "CORRUPTED_CACHE_ENTRY"
            },
            {
              "count": 0,
              "id": "TWlzc0RldGFpOjI3",
              "reason": "NOT_CACHED"
            },
            {
              "count": 2,
              "id": "TWlzc0RldGFpOjI4",
              "reason": "UNCONDITIONAL_EXECUTION"
            }
          ],
          "misses": 5,
          "saveTimeInMs": 0,
          "sizeInBytes": 1548500
        },
        "actionData": [
          {
            "actionsCreated": 0,
            "actionsExecuted": 1,
            "firstStartedMs": 1714695819112,
            "id": "QWN0aW9uRGF0YTo4",
            "lastEndedMs": 1714695820440,
            "mnemonic": "TestRunner",
            "systemTime": 356,
            "userTime": 830
          },
          {
            "actionsCreated": 0,
            "actionsExecuted": 1,
            "firstStartedMs": 1714695818173,
            "id": "QWN0aW9uRGF0YTo5",
            "lastEndedMs": 1714695818174,
            "mnemonic": "BazelWorkspaceStatusAction",
            "systemTime": 0,
            "userTime": 0
          },
          {
            "actionsCreated": 0,
            "actionsExecuted": 1,
            "firstStartedMs": 1714695818220,
            "id": "QWN0aW9uRGF0YToxMA==",
            "lastEndedMs": 1714695818246,
            "mnemonic": "CopyFile",
            "systemTime": 3,
            "userTime": 1
          },
          {
            "actionsCreated": 0,
            "actionsExecuted": 1,
            "firstStartedMs": 1714695818246,
            "id": "QWN0aW9uRGF0YToxMQ==",
            "lastEndedMs": 1714695819108,
            "mnemonic": "TsProject",
            "systemTime": 67,
            "userTime": 978
          }
        ],
        "actionsCreated": 0,
        "actionsCreatedNotIncludingAspects": 0,
        "actionsExecuted": 4,
        "id": "QWN0aW9uU3VtbWFyeTo0",
        "remoteCacheHits": 0,
        "runnerCount": [
          {
            "actionsExecuted": 4,
            "execKind": "",
            "id": "UnVubmVyQ291bnQ6MTA=",
            "name": "total"
          },
          {
            "actionsExecuted": 1,
            "execKind": "",
            "id": "UnVubmVyQ291bnQ6MTE=",
            "name": "internal"
          },
          {
            "actionsExecuted": 2,
            "execKind": "Local",
            "id": "UnVubmVyQ291bnQ6MTI=",
            "name": "darwin-sandbox"
          },
          {
            "actionsExecuted": 1,
            "execKind": "Local",
            "id": "UnVubmVyQ291bnQ6MTM=",
            "name": "local"
          }
        ]
      },
      "artifactMetrics": {
        "id": "QXJ0aWZhY3RNZXRyaWNzOjQ=",
        "outputArtifactsFromActionCache": {
          "count": 21,
          "id": "RmlsZXNNZXRyaWM6MTU=",
          "sizeInBytes": 4565
        },
        "outputArtifactsSeen": {
          "count": 28,
          "id": "RmlsZXNNZXRyaWM6MTQ=",
          "sizeInBytes": 6768
        },
        "sourceArtifactsRead": {
          "count": 1,
          "id": "RmlsZXNNZXRyaWM6MTM=",
          "sizeInBytes": 466
        },
        "topLevelArtifacts": {
          "count": 21393,
          "id": "RmlsZXNNZXRyaWM6MTY=",
          "sizeInBytes": 2216329047
        }
      },
      "buildGraphMetrics": {
        "actionCount": 0,
        "actionLookupValueCount": 0,
        "actionLookupValueCountNotIncludingAspects": 0,
        "id": "QnVpbGRHcmFwaE1ldHJpY3M6NA==",
        "inputFileConfiguredTargetCount": 0,
        "otherConfiguredTargetCount": 0,
        "outputArtifactCount": 0,
        "outputFileConfiguredTargetCount": 0,
        "postInvocationSkyframeNodeCount": 117836
      },
      "cumulativeMetrics": {
        "id": "Q3VtdWxhdGl2ZU1ldHJpY3M6NA==",
        "numAnalyses": 9,
        "numBuilds": 9
      },
      "dynamicExecutionMetrics": null,
      "id": "TWV0cmljczo0",
      "memoryMetrics": {
        "garbageMetrics": [],
        "id": "TWVtb3J5TWV0cmljczo0",
        "peakPostGcHeapSize": 0,
        "peakPostGcTenuredSpaceHeapSize": 0,
        "usedHeapSizePostBuild": 0
      },
      "networkMetrics": null,
      "packageMetrics": {
        "id": "UGFja2FnZU1ldHJpY3M6NA==",
        "packageLoadMetrics": [],
        "packagesLoaded": 0
      },
      "targetMetrics": {
        "id": "VGFyZ2V0TWV0cmljczo0",
        "targetsConfigured": 0,
        "targetsConfiguredNotIncludingAspects": 0,
        "targetsLoaded": 0
      },
      "timingMetrics": {
        "actionsExecutionStartInMs": 0,
        "analysisPhaseTimeInMs": 56,
        "cpuTimeInMs": 3495,
        "executionPhaseTimeInMs": 2268,
        "id": "VGltaW5nTWV0cmljczo0",
        "wallTimeInMs": 2565
      }
    },
    "numFetches": 0,
    "profile": null,
    "relatedFiles": [
      {
        "name": "command.profile.gz",
        "url": "file:///private/var/tmp/_bazel_nameless/785aba6fa73b7504b05bf113721e0096/command.profile.gz"
      },
      {
        "name": "nextjs_test.bep.ndjson",
        "url": "../summary/testdata/nextjs_test.bep.ndjson"
      }
    ],
    "sourceControl": {
      "action": "",
      "actor": "",
      "branch": "",
      "commitSha": "",
      "eventName": "",
      "id": "U291cmNlQ29udHJvbDo0",
      "job": "",
      "refs": "",
      "repoURL": "",
      "runID": "",
      "runnerArch": "",
      "runnerName": "",
      "runnerOs": "",
      "workflow": "",
      "workspace": ""
    },
    "startedAt": "2024-05-03T00:23:37.843Z",
    "state": {
      "bepCompleted": true,
      "buildEndTime": "2024-05-03T00:23:40.441Z",
      "buildStartTime": "2024-05-03T00:23:40.441Z",
      "exitCode": {
        "code": 0,
        "id": "",
        "name": "SUCCESS"
      },
      "id": ""
    },
    "stepLabel": "",
    "targets": [],
    "testCollection": [],
    "user": {
      "Email": "",
      "LDAP": ""
    }
  }
}