{
  "bazelInvocation": {
    "bazelCommand": {
      "cmdLine": [
        "--enable_runfiles=1",
        "--build_event_json_file=./pkg/summary/testdata/nextjs_build.bep.ndjson"
      ],
      "command": "test",
      "executable": "bazel",
      "explicitCmdLine": "--build_event_json_file=./pkg/summary/testdata/nextjs_build.bep.ndjson",
      "explicitStartupOptions": [
        "--host_jvm_args=-DBAZEL_TRACK_SOURCE_DIRECTORIES=1"
      ],
      "id": "",
      "residual": "//...",
      "startupOptions": [
        "--max_idle_secs=10800",
        "--noshutdown_on_low_sys_mem",
        "--connect_timeout_secs=30",
        "--output_user_root=/var/tmp/_bazel_nameless",
        "--output_base=/private/var/tmp/_bazel_nameless/785aba6fa73b7504b05bf113721e0096",
        "--failure_detail_out=/private/var/tmp/_bazel_nameless/785aba6fa73b7504b05bf113721e0096/failure_detail.rawproto",
        "--expand_configs_in_place",
        "--idle_server_tasks",
        "--write_command_log",
        "--nowatchfs",
        "--nofatal_event_bus_exceptions",
        "--nowindows_enable_symlinks",
        "--noclient_debug",
        "--host_jvm_args=-DBAZEL_TRACK_SOURCE_DIRECTORIES=1"
      ]
    },
    "build": null,
    "buildLogs": "Computing main repo mapping: \nLoading: \nLoading: 0 packages loaded\nAnalyzing: 63 targets (0 packages loaded, 0 targets configured)\nAnalyzing: 63 targets (0 packages loaded, 0 targets configured)\n[0 / 1] [Prepa] BazelWorkspaceStatusAction stable-status.txt\nINFO: Analyzed 63 targets (0 packages loaded, 0 targets configured).\nINFO: Found 52 targets and 11 test targets...\nINFO: Elapsed time: 0.984s, Critical Path: 0.64s\nINFO: 3 processes: 1 internal, 1 darwin-sandbox, 1 local.\nINFO: Build completed successfully, 3 total actions\nINFO: \n//next.js:build_smoke_test                                      (cached) PASSED in 0.4s\n//next.js:build_test                                            (cached) PASSED in 0.1s\n//next.js/pages:jest_test                                       (cached) PASSED in 1.1s\n//react:build_smoke_test                                        (cached) PASSED in 0.2s\n//react-webpack:build_smoke_test                                (cached) PASSED in 0.2s\n//react/src:lint                                                (cached) PASSED in 0.1s\n//react/src:src_typecheck_test                                  (cached) PASSED in 0.1s\n//react/src:test                                                (cached) PASSED in 1.7s\n//react/src:test_lib_typecheck_test                             (cached) PASSED in 0.1s\n//vue:build_test                                                (cached) PASSED in 0.1s\n//vue:type-check                                                (cached) PASSED in 1.2s\n\nExecuted 0 out of 11 tests: 11 tests pass.\nThere were tests whose specified size is too big. Use the --test_verbose_timeout_warnings command line option to see which ones these are.\n",
    "configurationMnemonic": "darwin_arm64-fastbuild",
    "cpu": "darwin_arm64",
    "endedAt": "2024-05-03T00:24:29.605Z",
    "hostname": "Namelesss-MacBook-Pro.local",
    "id": "QmF6ZWxJbnZvY2F0aW9uOjE=",
    "instanceName": "",
    "invocationID": "fd03240f-697e-4b64-95bc-888e27445bf9",
    "isCiWorker": false,
    "metrics": {
      "actionSummary": {
        "actionCacheStatistics": {
          "hits": 19,
          "id": "QWN0aW9uQ2FjaGVTdGF0aXN0aWNzOjE=",
          "loadTimeInMs": 0,
          "missDetails": [
            {
              "count": 0,
              "id": "TWlzc0RldGFpOjE=",
              "reason": "DIFFERENT_ACTION_KEY"
            },
            {
              "count": 0,
              "id": "TWlzc0RldGFpOjI=",
              "reason": "DIFFERENT_DEPS"
            },
            {
              "count": 0,
              "id": "TWlzc0RldGFpOjM=",
              "reason": "DIFFERENT_ENVIRONMENT"
            },
            {
              "count": 1,
              "id": "TWlzc0RldGFpOjQ=",
              "reason": "DIFFERENT_FILES"
            },
            {
              "count": 0,
              "id": "TWlzc0RldGFpOjU=",
              "reason": "CORRUPTED_CACHE_ENTRY"
            },
            {
              "count": 1,
              "id": "TWlzc0RldGFpOjY=",
              "reason": "NOT_CACHED"
            },
            {
              "count": 1,
              "id": "TWlzc0RldGFpOjc=",
              "reason": "UNCONDITIONAL_EXECUTION"
            }
          ],
          "misses": 3,
          "saveTimeInMs": 0,
          "sizeInBytes": 1549126
        },
        "actionData": [
          {
            "actionsCreated": 0,
            "actionsExecuted": 1,
            "firstStartedMs": 1714695868925,
            "id": "QWN0aW9uRGF0YTox",
            "lastEndedMs": 1714695868927,
            "mnemonic": "BazelWorkspaceStatusAction",
            "systemTime": 0,
            "userTime": 0
          },
          {
            "actionsCreated": 0,
            "actionsExecuted": 1,
            "firstStartedMs": 1714695868965,
            "id": "QWN0aW9uRGF0YToy",
            "lastEndedMs": 1714695868981,
            "mnemonic": "CopyFile",
            "systemTime": 2,
            "userTime": 1
          },
          {
            "actionsCreated": 0,
            "actionsExecuted": 1,
            "firstStartedMs": 1714695868981,
            "id": "QWN0aW9uRGF0YToz",
            "lastEndedMs": 1714695869600,
            "mnemonic": "TsProject",
            "systemTime": 55,
            "userTime": 1009
          }
        ],
        "actionsCreated": 0,
        "actionsCreatedNotIncludingAspects": 0,
        "actionsExecuted": 3,
        "id": "QWN0aW9uU3VtbWFyeTox",
        "remoteCacheHits": 0,
        "runnerCount": [
          {
            "actionsExecuted": 3,
            "execKind": "",
            "id": "UnVubmVyQ291bnQ6MQ==",
            "name": "total"
          },
          {
            "actionsExecuted": 1,
            "execKind": "",
            "id": "UnVubmVyQ291bnQ6Mg==",
            "name": "internal"
          },
          {
            "actionsExecuted": 1,
            "execKind": "Local",
            "id": "UnVubmVyQ291bnQ6Mw==",
            "name": "darwin-sandbox"
          },
          {
            "actionsExecuted": 1,
            "execKind": "Local",
            "id": "UnVubmVyQ291bnQ6NA==",
            "name": "local"
          }
        ]
      },
      "artifactMetrics": {
        "id": "QXJ0aWZhY3RNZXRyaWNzOjE=",
        "outputArtifactsFromActionCache": {
          "count": 78,
          "id": "RmlsZXNNZXRyaWM6Mw==",
          "sizeInBytes": 8553573
        },
        "outputArtifactsSeen": {
          "count": 85,
          "id": "RmlsZXNNZXRyaWM6Mg==",
          "sizeInBytes": 8560829
        },
        "sourceArtifactsRead": {
          "count": 1,
          "id": "RmlsZXNNZXRyaWM6MQ==",
          "sizeInBytes": 2521
        },
        "topLevelArtifacts": {
          "count": 40231,
          "id": "RmlsZXNNZXRyaWM6NA==",
          "sizeInBytes": 5731462997
        }
      },
      "buildGraphMetrics": {
        "actionCount": 0,
        "actionLookupValueCount": 0,
        "actionLookupValueCountNotIncludingAspects": 0,
        "id": "QnVpbGRHcmFwaE1ldHJpY3M6MQ==",
        "inputFileConfiguredTargetCount": 0,
        "otherConfiguredTargetCount": 0,
        "outputArtifactCount": 0,
        "outputFileConfiguredTargetCount": 0,
        "postInvocationSkyframeNodeCount": 117836
      },
      "cumulativeMetrics": {
        "id": "Q3VtdWxhdGl2ZU1ldHJpY3M6MQ==",
        "numAnalyses": 11,
        "numBuilds": 11
      },
      "id": "TWV0cmljczox",
      "memoryMetrics": {
        "garbageMetrics": [],
        "id": "TWVtb3J5TWV0cmljczox",
        "peakPostGcHeapSize": 0,
        "peakPostGcTenuredSpaceHeapSize": 0,
        "usedHeapSizePostBuild": 0
      },
      "networkMetrics": null,
      "packageMetrics": {
        "id": "UGFja2FnZU1ldHJpY3M6MQ==",
        "packageLoadMetrics": [],
        "packagesLoaded": 0
      },
      "targetMetrics": {
        "id": "VGFyZ2V0TWV0cmljczox",
        "targetsConfigured": 0,
        "targetsConfiguredNotIncludingAspects": 0,
        "targetsLoaded": 0
      },
      "timingMetrics": {
        "actionsExecutionStartInMs": 0,
        "analysisPhaseTimeInMs": 51,
        "cpuTimeInMs": 2619,
        "executionPhaseTimeInMs": 680,
        "id": "VGltaW5nTWV0cmljczox",
        "wallTimeInMs": 954
      }
    },
    "numFetches": 0,
    "profile": null,
    "relatedFiles": [
      {
        "name": "command.profile.gz",
        "url": "file:///private/var/tmp/_bazel_nameless/785aba6fa73b7504b05bf113721e0096/command.profile.gz"
      },
      {
        "name": "nextjs_build.bep.ndjson",
        "url": "../summary/testdata/nextjs_build.bep.ndjson"
      }
    ],
    "sourceControl": {
      "action": "",
      "actor": "",
      "branch": "",
      "commitSha": "",
      "eventName": "",
      "id": "U291cmNlQ29udHJvbDox",
      "job": "",
      "refs": "",
      "repoURL": "",
      "runID": "",
      "runnerArch": "",
      "runnerName": "",
      "runnerOs": "",
      "workflow": "",
      "workspace": ""
    },
    "startedAt": "2024-05-03T00:24:28.621Z",
    "state": {
      "bepCompleted": true,
      "buildEndTime": "2024-05-03T00:24:29.605Z",
      "buildStartTime": "2024-05-03T00:24:29.605Z",
      "exitCode": {
        "code": 0,
        "id": "",
        "name": "SUCCESS"
      },
      "id": ""
    },
    "stepLabel": "",
    "targets": [],
    "testCollection": [],
    "user": {
      "Email": "",
      "LDAP": "nameless"
    }
  }
}