{
  "summary": {
    "EnvVars": {
      "BAZELISK_SKIP_WRAPPER": "true",
      "HOME": "/Users/nameless",
      "PATH": "/Users/nameless/Library/Caches/bazelisk/downloads/sha256/fb5e7bc62fc3c8f2511e3b64d795296444129b26f13d8dece4d4cee1845b758f/bin:/Users/nameless/.pyenv/shims:/opt/homebrew/Caskroom/miniforge/base/condabin:/Library/Frameworks/Python.framework/Versions/3.11/bin:/usr/local/bin:/usr/bin:/bin:/usr/sbin:/sbin:/opt/homebrew/bin:/opt/buildbarninternal/bin:/opt/buildbarn/bin:/Library/Buildbarn/usr/bin:/opt/xbs/bin:/usr/buildbarninternal/bin:/private/var/tanuki:/Users/nameless/Library/Application Support/JetBrains/Toolbox/scripts:/Users/nameless/.local/bin:/Users/nameless/.yarn/bin:/Users/nameless/code/go/bin:/Users/nameless/.local/bin",
      "__CF_USER_TEXT_ENCODING": "0x1F5:0x0:0x0"
    },
    "ExitCode": {
      "Code": 1,
      "Name": "PARSING_FAILURE"
    },
    "BazelVersion": "7.1.0",
    "BazelCommandLine": {
      "Command": "build",
      "Executable": "bazel",
      "Residual": "//...",
      "ExplicitCmdLine": [
        "--build_event_json_file=./pkg/summary/testdata/nextjs_target_failed.bep.ndjson"
      ],
      "CmdLine": [
        "--enable_runfiles=1",
        "--build_event_json_file=./pkg/summary/testdata/nextjs_target_failed.bep.ndjson"
      ],
      "StartUpOptions": [
        "--max_idle_secs=10800",
        "--noshutdown_on_low_sys_mem",
        "--connect_timeout_secs=30",
        "--output_user_root=/var/tmp/_bazel_nameless",
        "--output_base=/private/var/tmp/_bazel_nameless/785aba6fa73b7504b05bf113721e0096",
        "--failure_detail_out=/private/var/tmp/_bazel_nameless/785aba6fa73b7504b05bf113721e0096/failure_detail.rawproto",
        "--expand_configs_in_place",
        "--idle_server_tasks",
        "--write_command_log",
        "--nowatchfs",
        "--nofatal_event_bus_exceptions",
        "--nowindows_enable_symlinks",
        "--noclient_debug",
        "--host_jvm_args=-DBAZEL_TRACK_SOURCE_DIRECTORIES=1"
      ],
      "ExplicitStartupOptions": [
        "--host_jvm_args=-DBAZEL_TRACK_SOURCE_DIRECTORIES=1"
      ]
    },
    "InstanceName": "",
    "Problems": [
      {
        "DetectedBlobs": null,
        "ProblemType": "ERROR_PROGRESS",
        "Label": "",
        "BEPEvents": [
          {
            "id": {
              "progress": {
                "opaqueCount": 15
              }
            },
            "children": [
              {
                "progress": {
                  "opaqueCount": 16
                }
              },
              {
                "configuredLabel": {
                  "label": "//next.js/pages2:pages2",
                  "configuration": {
                    "id": "c2963a46add6c3e91df2df593bc8bed9f041306a424d0aae347094deb8733654"
                  }
                }
              }
            ],
            "progress": {
              "stderr": "ERROR: no such package \u0027next.js/pages2\u0027: BUILD file not found in any of the following directories. Add a BUILD file to a directory to mark it as a package.\n - /Volumes/LocalData/code/bazelbuild/examples/frontend/next.js/pages2\nERROR: /Volumes/LocalData/code/bazelbuild/examples/frontend/next.js/BUILD.bazel:21:5: no such package \u0027next.js/pages2\u0027: BUILD file not found in any of the following directories. Add a BUILD file to a directory to mark it as a package.\n - /Volumes/LocalData/code/bazelbuild/examples/frontend/next.js/pages2 and referenced by \u0027//next.js:next_dev\u0027\n"
            }
          },
          {
            "id": {
              "progress": {
                "opaqueCount": 16
              }
            },
            "progress": {
              "stderr": "ERROR: Analysis of target \u0027//next.js:next_dev\u0027 failed; build aborted: Analysis failed\nINFO: Elapsed time: 0.341s, Critical Path: 0.00s\nINFO: 1 process: 1 internal.\nERROR: Build did NOT complete successfully\nFAILED: \n"
            }
          }
        ]
      }
    ],
    "RelatedFiles": {
      "command.profile.gz": "file:///private/var/tmp/_bazel_nameless/785aba6fa73b7504b05bf113721e0096/command.profile.gz",
      "nextjs_error_progress.bep.ndjson": "testdata/nextjs_error_progress.bep.ndjson"
    },
    "EventFileURL": "testdata/nextjs_error_progress.bep.ndjson",
    "BEPCompleted": true,
    "StartedAt": "2024-05-03T00:29:47.443Z",
    "InvocationID": "df7178e2-a815-4654-a409-d18e845d1e35",
    "StepLabel": "",
    "EndedAt": "2024-05-03T00:29:47.784Z",
    "ChangeNumber": 0,
    "PatchsetNumber": 0,
    "BuildURL": "",
    "BuildUUID": "1b4db7eb-4057-5ddf-91e0-36dec72071f5",
    "UserLDAP": "",
    "UserEmail": "",
    "BuildLogs": {},
    "Metrics": {
      "ActionSummary": {
        "ActionsCreated": 0,
        "ActionsCreatedNotIncludingAspects": 0,
        "ActionsExecuted": 1,
        "ActionData": [
          {
            "Mnemonic": "BazelWorkspaceStatusAction",
            "ActionsExecuted": 1,
            "FirstStartedMs": 1714696187752,
            "LastEndedMs": 1714696187754,
            "SystemTime": 0,
            "UserTime": 0
          }
        ],
        "RemoteCacheHits": 0,
        "RunnerCount": [
          {
            "Name": "total",
            "Count": 1,
            "ExecKind": ""
          },
          {
            "Name": "internal",
            "Count": 1,
            "ExecKind": ""
          }
        ],
        "ActionCacheStatistics": {
          "SizeInBytes": 1549398,
          "SaveTimeInMs": 0,
          "LoadTimeInMs": 0,
          "Hits": 4,
          "Misses": 1,
          "MissDetails": [
            {
              "Reason": 0,
              "Count": 0
            },
            {
              "Reason": 1,
              "Count": 0
            },
            {
              "Reason": 2,
              "Count": 0
            },
            {
              "Reason": 3,
              "Count": 0
            },
            {
              "Reason": 4,
              "Count": 0
            },
            {
              "Reason": 5,
              "Count": 0
            },
            {
              "Reason": 6,
              "Count": 1
            }
          ]
        }
      },
      "MemoryMetrics": {
        "UsedHeapSizePostBuild": 0,
        "PeakPostGcHeapSize": 0,
        "PeakPostGcTenuredSpaceHeapSize": 0,
        "GarbageMetrics": []
      },
      "TargetMetrics": {
        "TargetsLoaded": 0,
        "TargetsConfigured": 0,
        "TargetsConfiguredNotIncludingAspects": 0
      },
      "PackageMetrics": {
        "PackagesLoaded": 0,
        "PackageLoadMetrics": []
      },
      "TimingMetrics": {
        "CPUTimeInMs": 2508,
        "WallTimeInMs": 307,
        "AnalysisPhaseTimeInMs": 0,
        "ExecutionPhaseTimeInMs": 32
      },
      "CumulativeMetrics": {
        "NumAnalyses": 13,
        "NumBuilds": 13
      },
      "ArtifactMetrics": {
        "SourceArtifactsRead": {
          "SizeInBytes": 0,
          "Count": 0
        },
        "OutputArtifactsSeen": {
          "SizeInBytes": 26241,
          "Count": 5
        },
        "OutputArtifactsFromActionCache": {
          "SizeInBytes": 26106,
          "Count": 3
        },
        "TopLevelArtifacts": {
          "SizeInBytes": 0,
          "Count": 0
        }
      },
      "BuildGraphMetrics": {
        "ActionLookupValueCount": 0,
        "ActionLookupValueCountNotIncludingAspects": 0,
        "ActionCount": 0,
        "InputFileConfiguredTargetCount": 0,
        "OutputFileConfiguredTargetCount": 0,
        "OtherConfiguredTargetCount": 0,
        "OutputArtifactCount": 0,
        "PostInvocationSkyframeNodeCount": 117503,
        "DirtiedValues": null,
        "ChangedValues": null,
        "BuiltValues": null,
        "CleanedValues": null,
        "EvaluatedValues": null
      },
      "NetworkMetrics": {
        "SystemNetworkStats": null
      },
      "DynamicExecutionMetrics": {
        "RaceStatistics": null
      }
    },
    "Tests": null,
    "Targets": {
      "//next.js/pages/api:api": {
        "Configuration": {
          "Tag": null,
          "TargetKind": "ts_project rule",
          "TestSize": 0,
          "StartTimeInMs": 0
        },
        "Completion": {
          "Success": false,
          "TargetKind": "",
          "TestSize": 0,
          "OutputGroup": {
            "Name": "",
            "Incomplete": false,
            "InlineFiles": null,
            "FileSets": {
              "Files": null,
              "FileSets": null
            }
          },
          "ImportantOutput": null,
          "DirectoryOutput": null,
          "Tag": null,
          "TestTimeoutSeconds": 0,
          "TestTimeout": 0,
          "EndTimeInMs": 0
        },
        "DurationInMs": 0,
        "Success": false,
        "TargetKind": "ts_project rule",
        "TestSize": 0,
        "AbortReason": 10
      },
      "//next.js/pages:_jest_test_bazel_sequencer": {
        "Configuration": {
          "Tag": null,
          "TargetKind": "_copy_file rule",
          "TestSize": 0,
          "StartTimeInMs": 0
        },
        "Completion": {
          "Success": true,
          "TargetKind": "",
          "TestSize": 0,
          "OutputGroup": {
            "Name": "",
            "Incomplete": false,
            "InlineFiles": null,
            "FileSets": {
              "Files": null,
              "FileSets": null
            }
          },
          "ImportantOutput": null,
          "DirectoryOutput": null,
          "Tag": null,
          "TestTimeoutSeconds": 0,
          "TestTimeout": 0,
          "EndTimeInMs": 0
        },
        "DurationInMs": 0,
        "Success": true,
        "TargetKind": "_copy_file rule",
        "TestSize": 0,
        "AbortReason": 0
      },
      "//next.js/pages:_jest_test_bazel_snapshot_reporter": {
        "Configuration": {
          "Tag": null,
          "TargetKind": "_copy_file rule",
          "TestSize": 0,
          "StartTimeInMs": 0
        },
        "Completion": {
          "Success": true,
          "TargetKind": "",
          "TestSize": 0,
          "OutputGroup": {
            "Name": "",
            "Incomplete": false,
            "InlineFiles": null,
            "FileSets": {
              "Files": null,
              "FileSets": null
            }
          },
          "ImportantOutput": null,
          "DirectoryOutput": null,
          "Tag": null,
          "TestTimeoutSeconds": 0,
          "TestTimeout": 0,
          "EndTimeInMs": 0
        },
        "DurationInMs": 0,
        "Success": true,
        "TargetKind": "_copy_file rule",
        "TestSize": 0,
        "AbortReason": 0
      },
      "//next.js/pages:_jest_test_bazel_snapshot_resolver": {
        "Configuration": {
          "Tag": null,
          "TargetKind": "_copy_file rule",
          "TestSize": 0,
          "StartTimeInMs": 0
        },
        "Completion": {
          "Success": true,
          "TargetKind": "",
          "TestSize": 0,
          "OutputGroup": {
            "Name": "",
            "Incomplete": false,
            "InlineFiles": null,
            "FileSets": {
              "Files": null,
              "FileSets": null
            }
          },
          "ImportantOutput": null,
          "DirectoryOutput": null,
          "Tag": null,
          "TestTimeoutSeconds": 0,
          "TestTimeout": 0,
          "EndTimeInMs": 0
        },
        "DurationInMs": 0,
        "Success": true,
        "TargetKind": "_copy_file rule",
        "TestSize": 0,
        "AbortReason": 0
      },
      "//next.js/pages:_jest_test_jest_entrypoint": {
        "Configuration": {
          "Tag": null,
          "TargetKind": "directory_path rule",
          "TestSize": 0,
          "StartTimeInMs": 0
        },
        "Completion": {
          "Success": false,
          "TargetKind": "",
          "TestSize": 0,
          "OutputGroup": {
            "Name": "",
            "Incomplete": false,
            "InlineFiles": null,
            "FileSets": {
              "Files": null,
              "FileSets": null
            }
          },
          "ImportantOutput": null,
          "DirectoryOutput": null,
          "Tag": null,
          "TestTimeoutSeconds": 0,
          "TestTimeout": 0,
          "EndTimeInMs": 0
        },
        "DurationInMs": 0,
        "Success": false,
        "TargetKind": "directory_path rule",
        "TestSize": 0,
        "AbortReason": 10
      },
      "//next.js/pages:pages": {
        "Configuration": {
          "Tag": null,
          "TargetKind": "ts_project rule",
          "TestSize": 0,
          "StartTimeInMs": 0
        },
        "Completion": {
          "Success": false,
          "TargetKind": "",
          "TestSize": 0,
          "OutputGroup": {
            "Name": "",
            "Incomplete": false,
            "InlineFiles": null,
            "FileSets": {
              "Files": null,
              "FileSets": null
            }
          },
          "ImportantOutput": null,
          "DirectoryOutput": null,
          "Tag": null,
          "TestTimeoutSeconds": 0,
          "TestTimeout": 0,
          "EndTimeInMs": 0
        },
        "DurationInMs": 0,
        "Success": false,
        "TargetKind": "ts_project rule",
        "TestSize": 0,
        "AbortReason": 10
      },
      "//next.js/pages:specs": {
        "Configuration": {
          "Tag": null,
          "TargetKind": "ts_project rule",
          "TestSize": 0,
          "StartTimeInMs": 0
        },
        "Completion": {
          "Success": false,
          "TargetKind": "",
          "TestSize": 0,
          "OutputGroup": {
            "Name": "",
            "Incomplete": false,
            "InlineFiles": null,
            "FileSets": {
              "Files": null,
              "FileSets": null
            }
          },
          "ImportantOutput": null,
          "DirectoryOutput": null,
          "Tag": null,
          "TestTimeoutSeconds": 0,
          "TestTimeout": 0,
          "EndTimeInMs": 0
        },
        "DurationInMs": 0,
        "Success": false,
        "TargetKind": "ts_project rule",
        "TestSize": 0,
        "AbortReason": 10
      },
      "//next.js/public:public": {
        "Configuration": {
          "Tag": null,
          "TargetKind": "js_library rule",
          "TestSize": 0,
          "StartTimeInMs": 0
        },
        "Completion": {
          "Success": true,
          "TargetKind": "",
          "TestSize": 0,
          "OutputGroup": {
            "Name": "",
            "Incomplete": false,
            "InlineFiles": null,
            "FileSets": {
              "Files": null,
              "FileSets": null
            }
          },
          "ImportantOutput": null,
          "DirectoryOutput": null,
          "Tag": null,
          "TestTimeoutSeconds": 0,
          "TestTimeout": 0,
          "EndTimeInMs": 0
        },
        "DurationInMs": 0,
        "Success": true,
        "TargetKind": "js_library rule",
        "TestSize": 0,
        "AbortReason": 0
      },
      "//next.js/styles:styles": {
        "Configuration": {
          "Tag": null,
          "TargetKind": "js_library rule",
          "TestSize": 0,
          "StartTimeInMs": 0
        },
        "Completion": {
          "Success": true,
          "TargetKind": "",
          "TestSize": 0,
          "OutputGroup": {
            "Name": "",
            "Incomplete": false,
            "InlineFiles": null,
            "FileSets": {
              "Files": null,
              "FileSets": null
            }
          },
          "ImportantOutput": null,
          "DirectoryOutput": null,
          "Tag": null,
          "TestTimeoutSeconds": 0,
          "TestTimeout": 0,
          "EndTimeInMs": 0
        },
        "DurationInMs": 0,
        "Success": true,
        "TargetKind": "js_library rule",
        "TestSize": 0,
        "AbortReason": 0
      },
      "//next.js:eslintrc": {
        "Configuration": {
          "Tag": null,
          "TargetKind": "js_library rule",
          "TestSize": 0,
          "StartTimeInMs": 0
        },
        "Completion": {
          "Success": false,
          "TargetKind": "",
          "TestSize": 0,
          "OutputGroup": {
            "Name": "",
            "Incomplete": false,
            "InlineFiles": null,
            "FileSets": {
              "Files": null,
              "FileSets": null
            }
          },
          "ImportantOutput": null,
          "DirectoryOutput": null,
          "Tag": null,
          "TestTimeoutSeconds": 0,
          "TestTimeout": 0,
          "EndTimeInMs": 0
        },
        "DurationInMs": 0,
        "Success": false,
        "TargetKind": "js_library rule",
        "TestSize": 0,
        "AbortReason": 10
      },
      "//next.js:jest_config": {
        "Configuration": {
          "Tag": null,
          "TargetKind": "js_library rule",
          "TestSize": 0,
          "StartTimeInMs": 0
        },
        "Completion": {
          "Success": false,
          "TargetKind": "",
          "TestSize": 0,
          "OutputGroup": {
            "Name": "",
            "Incomplete": false,
            "InlineFiles": null,
            "FileSets": {
              "Files": null,
              "FileSets": null
            }
          },
          "ImportantOutput": null,
          "DirectoryOutput": null,
          "Tag": null,
          "TestTimeoutSeconds": 0,
          "TestTimeout": 0,
          "EndTimeInMs": 0
        },
        "DurationInMs": 0,
        "Success": false,
        "TargetKind": "js_library rule",
        "TestSize": 0,
        "AbortReason": 10
      },
      "//next.js:next_js_binary": {
        "Configuration": {
          "Tag": null,
          "TargetKind": "js_binary rule",
          "TestSize": 0,
          "StartTimeInMs": 0
        },
        "Completion": {
          "Success": false,
          "TargetKind": "",
          "TestSize": 0,
          "OutputGroup": {
            "Name": "",
            "Incomplete": false,
            "InlineFiles": null,
            "FileSets": {
              "Files": null,
              "FileSets": null
            }
          },
          "ImportantOutput": null,
          "DirectoryOutput": null,
          "Tag": null,
          "TestTimeoutSeconds": 0,
          "TestTimeout": 0,
          "EndTimeInMs": 0
        },
        "DurationInMs": 0,
        "Success": false,
        "TargetKind": "js_binary rule",
        "TestSize": 0,
        "AbortReason": 10
      },
      "//next.js:package_json": {
        "Configuration": {
          "Tag": null,
          "TargetKind": "js_library rule",
          "TestSize": 0,
          "StartTimeInMs": 0
        },
        "Completion": {
          "Success": false,
          "TargetKind": "",
          "TestSize": 0,
          "OutputGroup": {
            "Name": "",
            "Incomplete": false,
            "InlineFiles": null,
            "FileSets": {
              "Files": null,
              "FileSets": null
            }
          },
          "ImportantOutput": null,
          "DirectoryOutput": null,
          "Tag": null,
          "TestTimeoutSeconds": 0,
          "TestTimeout": 0,
          "EndTimeInMs": 0
        },
        "DurationInMs": 0,
        "Success": false,
        "TargetKind": "js_library rule",
        "TestSize": 0,
        "AbortReason": 10
      },
      "//next.js:tsconfig": {
        "Configuration": {
          "Tag": null,
          "TargetKind": "ts_config rule",
          "TestSize": 0,
          "StartTimeInMs": 0
        },
        "Completion": {
          "Success": false,
          "TargetKind": "",
          "TestSize": 0,
          "OutputGroup": {
            "Name": "",
            "Incomplete": false,
            "InlineFiles": null,
            "FileSets": {
              "Files": null,
              "FileSets": null
            }
          },
          "ImportantOutput": null,
          "DirectoryOutput": null,
          "Tag": null,
          "TestTimeoutSeconds": 0,
          "TestTimeout": 0,
          "EndTimeInMs": 0
        },
        "DurationInMs": 0,
        "Success": false,
        "TargetKind": "ts_config rule",
        "TestSize": 0,
        "AbortReason": 10
      },
      "//packages/one:one": {
        "Configuration": {
          "Tag": null,
          "TargetKind": "_npm_package rule",
          "TestSize": 0,
          "StartTimeInMs": 0
        },
        "Completion": {
          "Success": false,
          "TargetKind": "",
          "TestSize": 0,
          "OutputGroup": {
            "Name": "",
            "Incomplete": false,
            "InlineFiles": null,
            "FileSets": {
              "Files": null,
              "FileSets": null
            }
          },
          "ImportantOutput": null,
          "DirectoryOutput": null,
          "Tag": null,
          "TestTimeoutSeconds": 0,
          "TestTimeout": 0,
          "EndTimeInMs": 0
        },
        "DurationInMs": 0,
        "Success": false,
        "TargetKind": "_npm_package rule",
        "TestSize": 0,
        "AbortReason": 10
      },
      "//packages/one:one_ts": {
        "Configuration": {
          "Tag": null,
          "TargetKind": "ts_project rule",
          "TestSize": 0,
          "StartTimeInMs": 0
        },
        "Completion": {
          "Success": false,
          "TargetKind": "",
          "TestSize": 0,
          "OutputGroup": {
            "Name": "",
            "Incomplete": false,
            "InlineFiles": null,
            "FileSets": {
              "Files": null,
              "FileSets": null
            }
          },
          "ImportantOutput": null,
          "DirectoryOutput": null,
          "Tag": null,
          "TestTimeoutSeconds": 0,
          "TestTimeout": 0,
          "EndTimeInMs": 0
        },
        "DurationInMs": 0,
        "Success": false,
        "TargetKind": "ts_project rule",
        "TestSize": 0,
        "AbortReason": 10
      },
      "//react/public:public": {
        "Configuration": {
          "Tag": null,
          "TargetKind": "js_library rule",
          "TestSize": 0,
          "StartTimeInMs": 0
        },
        "Completion": {
          "Success": true,
          "TargetKind": "",
          "TestSize": 0,
          "OutputGroup": {
            "Name": "",
            "Incomplete": false,
            "InlineFiles": null,
            "FileSets": {
              "Files": null,
              "FileSets": null
            }
          },
          "ImportantOutput": null,
          "DirectoryOutput": null,
          "Tag": null,
          "TestTimeoutSeconds": 0,
          "TestTimeout": 0,
          "EndTimeInMs": 0
        },
        "DurationInMs": 0,
        "Success": true,
        "TargetKind": "js_library rule",
        "TestSize": 0,
        "AbortReason": 0
      },
      "//react/src:assets": {
        "Configuration": {
          "Tag": null,
          "TargetKind": "js_library rule",
          "TestSize": 0,
          "StartTimeInMs": 0
        },
        "Completion": {
          "Success": true,
          "TargetKind": "",
          "TestSize": 0,
          "OutputGroup": {
            "Name": "",
            "Incomplete": false,
            "InlineFiles": null,
            "FileSets": {
              "Files": null,
              "FileSets": null
            }
          },
          "ImportantOutput": null,
          "DirectoryOutput": null,
          "Tag": null,
          "TestTimeoutSeconds": 0,
          "TestTimeout": 0,
          "EndTimeInMs": 0
        },
        "DurationInMs": 0,
        "Success": true,
        "TargetKind": "js_library rule",
        "TestSize": 0,
        "AbortReason": 0
      },
      "//react/src:lint": {
        "Configuration": {
          "Tag": null,
          "TargetKind": "eslint_test rule",
          "TestSize": 2,
          "StartTimeInMs": 0
        },
        "Completion": {
          "Success": false,
          "TargetKind": "",
          "TestSize": 0,
          "OutputGroup": {
            "Name": "",
            "Incomplete": false,
            "InlineFiles": null,
            "FileSets": {
              "Files": null,
              "FileSets": null
            }
          },
          "ImportantOutput": null,
          "DirectoryOutput": null,
          "Tag": null,
          "TestTimeoutSeconds": 0,
          "TestTimeout": 0,
          "EndTimeInMs": 0
        },
        "DurationInMs": 0,
        "Success": false,
        "TargetKind": "eslint_test rule",
        "TestSize": 2,
        "AbortReason": 10
      },
      "//react/src:src": {
        "Configuration": {
          "Tag": null,
          "TargetKind": "js_library rule",
          "TestSize": 0,
          "StartTimeInMs": 0
        },
        "Completion": {
          "Success": true,
          "TargetKind": "",
          "TestSize": 0,
          "OutputGroup": {
            "Name": "",
            "Incomplete": false,
            "InlineFiles": null,
            "FileSets": {
              "Files": null,
              "FileSets": null
            }
          },
          "ImportantOutput": null,
          "DirectoryOutput": null,
          "Tag": null,
          "TestTimeoutSeconds": 0,
          "TestTimeout": 0,
          "EndTimeInMs": 0
        },
        "DurationInMs": 0,
        "Success": true,
        "TargetKind": "js_library rule",
        "TestSize": 0,
        "AbortReason": 0
      },
      "//react/src:src_transpile": {
        "Configuration": {
          "Tag": null,
          "TargetKind": "swc_compile rule",
          "TestSize": 0,
          "StartTimeInMs": 0
        },
        "Completion": {
          "Success": true,
          "TargetKind": "",
          "TestSize": 0,
          "OutputGroup": {
            "Name": "",
            "Incomplete": false,
            "InlineFiles": null,
            "FileSets": {
              "Files": null,
              "FileSets": null
            }
          },
          "ImportantOutput": null,
          "DirectoryOutput": null,
          "Tag": null,
          "TestTimeoutSeconds": 0,
          "TestTimeout": 0,
          "EndTimeInMs": 0
        },
        "DurationInMs": 0,
        "Success": true,
        "TargetKind": "swc_compile rule",
        "TestSize": 0,
        "AbortReason": 0
      },
      "//react/src:src_typecheck": {
        "Configuration": {
          "Tag": null,
          "TargetKind": "filegroup rule",
          "TestSize": 0,
          "StartTimeInMs": 0
        },
        "Completion": {
          "Success": true,
          "TargetKind": "",
          "TestSize": 0,
          "OutputGroup": {
            "Name": "",
            "Incomplete": false,
            "InlineFiles": null,
            "FileSets": {
              "Files": null,
              "FileSets": null
            }
          },
          "ImportantOutput": null,
          "DirectoryOutput": null,
          "Tag": null,
          "TestTimeoutSeconds": 0,
          "TestTimeout": 0,
          "EndTimeInMs": 0
        },
        "DurationInMs": 0,
        "Success": true,
        "TargetKind": "filegroup rule",
        "TestSize": 0,
        "AbortReason": 0
      },
      "//react/src:src_typecheck_test": {
        "Configuration": {
          "Tag": null,
          "TargetKind": "_empty_test rule",
          "TestSize": 1,
          "StartTimeInMs": 0
        },
        "Completion": {
          "Success": true,
          "TargetKind": "",
          "TestSize": 0,
          "OutputGroup": {
            "Name": "",
            "Incomplete": false,
            "InlineFiles": null,
            "FileSets": {
              "Files": null,
              "FileSets": null
            }
          },
          "ImportantOutput": null,
          "DirectoryOutput": null,
          "Tag": [
            "small",
            "short",
            "noflaky",
            "nolocal"
          ],
          "TestTimeoutSeconds": 0,
          "TestTimeout": 0,
          "EndTimeInMs": 0
        },
        "DurationInMs": 0,
        "Success": true,
        "TargetKind": "_empty_test rule",
        "TestSize": 1,
        "AbortReason": 0
      },
      "//react/src:src_typings": {
        "Configuration": {
          "Tag": null,
          "TargetKind": "ts_project rule",
          "TestSize": 0,
          "StartTimeInMs": 0
        },
        "Completion": {
          "Success": true,
          "TargetKind": "",
          "TestSize": 0,
          "OutputGroup": {
            "Name": "",
            "Incomplete": false,
            "InlineFiles": null,
            "FileSets": {
              "Files": null,
              "FileSets": null
            }
          },
          "ImportantOutput": null,
          "DirectoryOutput": null,
          "Tag": null,
          "TestTimeoutSeconds": 0,
          "TestTimeout": 0,
          "EndTimeInMs": 0
        },
        "DurationInMs": 0,
        "Success": true,
        "TargetKind": "ts_project rule",
        "TestSize": 0,
        "AbortReason": 0
      },
      "//react/src:test": {
        "Configuration": {
          "Tag": null,
          "TargetKind": "js_test rule",
          "TestSize": 2,
          "StartTimeInMs": 0
        },
        "Completion": {
          "Success": true,
          "TargetKind": "",
          "TestSize": 0,
          "OutputGroup": {
            "Name": "",
            "Incomplete": false,
            "InlineFiles": null,
            "FileSets": {
              "Files": null,
              "FileSets": null
            }
          },
          "ImportantOutput": null,
          "DirectoryOutput": null,
          "Tag": [
            "medium",
            "moderate",
            "noflaky",
            "nolocal"
          ],
          "TestTimeoutSeconds": 0,
          "TestTimeout": 0,
          "EndTimeInMs": 0
        },
        "DurationInMs": 0,
        "Success": true,
        "TargetKind": "js_test rule",
        "TestSize": 2,
        "AbortReason": 0
      }
    },
    "NumFetches": 0,
    "CPU": "darwin_arm64",
    "PlatformName": "darwin_arm64",
    "Hostname": "",
    "IsCiWorker": false,
    "ProfileName": "command.profile.gz",
    "ConfigrationMnemonic": "darwin_arm64-fastbuild",
    "SkipTargetData": true,
    "EnrichTargetData": false,
    "SkipPrometheusTargets": false,
    "PrometheusTargetDurationSkipThreshold": 2000,
    "PrometheusTestGranularty": "",
    "SourceControlData": {
      "RepositoryURL": "",
      "Branch": "",
      "CommitSHA": "",
      "Actor": "",
      "Refs": "",
      "RunID": "",
      "Workflow": "",
      "Action": "",
      "Workspace": "",
      "EventName": "",
      "Job": "",
      "RunnerName": "",
      "RunnerArch": "",
      "RunnerOs": ""
    }
  }
}